#
# There is insufficient memory for the Java Runtime Environment to continue.
# Native memory allocation (malloc) failed to allocate 1436880 bytes. Error detail: Chunk::new
# Possible reasons:
#   The system is out of physical RAM or swap space
#   This process is running with CompressedOops enabled, and the Java Heap may be blocking the growth of the native heap
# Possible solutions:
#   Reduce memory load on the system
#   Increase physical memory or swap space
#   Check if swap backing store is full
#   Decrease Java heap size (-Xmx/-Xms)
#   Decrease number of Java threads
#   Decrease Java thread stack sizes (-Xss)
#   Set larger code cache with -XX:ReservedCodeCacheSize=
#   JVM is running with Zero Based Compressed Oops mode in which the Java heap is
#     placed in the first 32GB address space. The Java Heap base address is the
#     maximum limit for the native heap growth. Please use -XX:HeapBaseMinAddress
#     to set the Java Heap base and to place the Java Heap above 32GB virtual address.
# This output file may be truncated or incomplete.
#
#  Out of Memory Error (arena.cpp:168), pid=27328, tid=28116
#
# JRE version: OpenJDK Runtime Environment (21.0.4+9) (build 21.0.4+9-LTS)
# Java VM: OpenJDK 64-Bit Server VM (21.0.4+9-LTS, mixed mode, sharing, tiered, compressed oops, compressed class ptrs, g1 gc, windows-amd64)
# No core dump will be written. Minidumps are not enabled by default on client versions of Windows
#

---------------  S U M M A R Y ------------

Command Line: --add-opens=java.base/java.util=ALL-UNNAMED --add-opens=java.base/java.lang=ALL-UNNAMED --add-opens=java.base/java.lang.invoke=ALL-UNNAMED --add-opens=java.prefs/java.util.prefs=ALL-UNNAMED --add-opens=java.base/java.nio.charset=ALL-UNNAMED --add-opens=java.base/java.net=ALL-UNNAMED --add-opens=java.base/java.util.concurrent.atomic=ALL-UNNAMED -Xmx3G -Dfile.encoding=GBK -Duser.country=CN -Duser.language=zh -Duser.variant -javaagent:D:\Gradle\.gradle\wrapper\dists\gradle-8.8-bin\dl7vupf4psengwqhwktix4v1\gradle-8.8\lib\agents\gradle-instrumentation-agent-8.8.jar org.gradle.launcher.daemon.bootstrap.GradleDaemon 8.8

Host: 12th Gen Intel(R) Core(TM) i7-12700H, 20 cores, 15G,  Windows 11 , 64 bit Build 26100 (10.0.26100.4484)
Time: Sat Aug 30 14:50:58 2025  Windows 11 , 64 bit Build 26100 (10.0.26100.4484) elapsed time: 89.842644 seconds (0d 0h 1m 29s)

---------------  T H R E A D  ---------------

Current thread (0x000001bcf0fc1da0):  JavaThread "C2 CompilerThread0" daemon [_thread_in_native, id=28116, stack(0x0000005c79000000,0x0000005c79100000) (1024K)]


Current CompileTask:
C2:  89842 14120       4       javax.management.ObjectName::construct (1135 bytes)

Stack: [0x0000005c79000000,0x0000005c79100000]
Native frames: (J=compiled Java code, j=interpreted, Vv=VM code, C=native code)
V  [jvm.dll+0x6d3289]
V  [jvm.dll+0x8adec1]
V  [jvm.dll+0x8b022e]
V  [jvm.dll+0x8b0913]
V  [jvm.dll+0x283506]
V  [jvm.dll+0xc584d]
V  [jvm.dll+0xc5d83]
V  [jvm.dll+0x3baf9c]
V  [jvm.dll+0x387445]
V  [jvm.dll+0x3868ba]
V  [jvm.dll+0x24b8c0]
V  [jvm.dll+0x24aea1]
V  [jvm.dll+0x1ca284]
V  [jvm.dll+0x25a5b9]
V  [jvm.dll+0x258b6a]
V  [jvm.dll+0x3f5426]
V  [jvm.dll+0x856e08]
V  [jvm.dll+0x6d199d]
C  [ucrtbase.dll+0x37b0]
C  [KERNEL32.DLL+0x2e8d7]
C  [ntdll.dll+0x3c34c]


---------------  P R O C E S S  ---------------

Threads class SMR info:
_java_thread_list=0x000001bcfedbe770, length=125, elements={
0x000001bccfabbd00, 0x000001bcf0fac820, 0x000001bcf0fad280, 0x000001bcf0fb3d30,
0x000001bcf0fb4c20, 0x000001bcf0fb63a0, 0x000001bcf0fbfb30, 0x000001bcf0fc1da0,
0x000001bcf0fc3190, 0x000001bcf50e6db0, 0x000001bcf5318910, 0x000001bcf62d8ec0,
0x000001bcf6649770, 0x000001bcf626ef10, 0x000001bcf62c96b0, 0x000001bcf726b1f0,
0x000001bcf627ac00, 0x000001bcf6279ee0, 0x000001bcf627a570, 0x000001bcf627bfb0,
0x000001bcf9d7d400, 0x000001bcf9d7b330, 0x000001bcf9d7aca0, 0x000001bcf9d7b9c0,
0x000001bcf9d7ee40, 0x000001bcf9d7fb60, 0x000001bcf9d7f4d0, 0x000001bcf9ce1bd0,
0x000001bcf9ce1540, 0x000001bcfd26e780, 0x000001bcfef357f0, 0x000001bcfd270850,
0x000001bcf9834d80, 0x000001bcf9835410, 0x000001bcf9835aa0, 0x000001bcf9836130,
0x000001bcf98367c0, 0x000001bcf9836e50, 0x000001bcf98346f0, 0x000001bcf98374e0,
0x000001bcf9834060, 0x000001bcf86e2c30, 0x000001bcf86e1880, 0x000001bcf86e3950,
0x000001bcf86e5390, 0x000001bcf86e25a0, 0x000001bcf86e32c0, 0x000001bcf86e4d00,
0x000001bcf86e3fe0, 0x000001bcf86e4670, 0x000001bcf86e1f10, 0x000001bcf86e7460,
0x000001bcf86e6740, 0x000001bcfef36ba0, 0x000001bcfef378c0, 0x000001bcfef37f50,
0x000001bcfef34ad0, 0x000001bcfef385e0, 0x000001bcfef38c70, 0x000001bcfef3a6b0,
0x000001bcfef39300, 0x000001bcfef3a020, 0x000001bcfef39990, 0x000001bcfef3ad40,
0x000001bcfd26a5e0, 0x000001bcfd26d3d0, 0x000001bcfd269f50, 0x000001bcfd26b300,
0x000001bcfd26da60, 0x000001bcfd26e0f0, 0x000001bcfd26ac70, 0x000001bcfd270ee0,
0x000001bcfd26f4a0, 0x000001bcfd2701c0, 0x000001bcfd271570, 0x000001bcf9d7da90,
0x000001bcf9d7c050, 0x000001bcf9d801f0, 0x000001bcf9d80880, 0x000001bcf9d80f10,
0x000001bcf9d815a0, 0x000001bcf9d7e120, 0x000001bcf9d81c30, 0x000001bcf9d822c0,
0x000001bcf9ce2f80, 0x000001bcf9ce0190, 0x000001bcf9ce28f0, 0x000001bcf9ce0820,
0x000001bcf9ce0eb0, 0x000001bcf627b920, 0x000001bcf627ccd0, 0x000001bcf627c640,
0x000001bcf627d360, 0x000001bcfbc92680, 0x000001bcfbc912d0, 0x000001bcfbc91960,
0x000001bcfbc92d10, 0x000001bcfbc933a0, 0x000001bcfbc8ff20, 0x000001bcfbc905b0,
0x000001bcfbc90c40, 0x000001bcf8848ee0, 0x000001bcf884b640, 0x000001bcf884bcd0,
0x000001bcf884a290, 0x000001bcf8849c00, 0x000001bcf884a920, 0x000001bcf8848850,
0x000001bcf884f150, 0x000001bcf884eac0, 0x000001bcf884f7e0, 0x000001bcf884c360,
0x000001bcf884fe70, 0x000001bcf884c9f0, 0x000001bcf884e430, 0x000001bcf884d080,
0x000001bcf884d710, 0x000001bcf884dda0, 0x000001bcf86e5a20, 0x000001bcf86e60b0,
0x000001bcf86e8180, 0x000001bcf86e6dd0, 0x000001bcf86e7af0, 0x000001bcf86e8810,
0x000001bcfef35160
}

Java Threads: ( => current thread )
  0x000001bccfabbd00 JavaThread "main"                              [_thread_blocked, id=11016, stack(0x0000005c78200000,0x0000005c78300000) (1024K)]
  0x000001bcf0fac820 JavaThread "Reference Handler"          daemon [_thread_blocked, id=7808, stack(0x0000005c78a00000,0x0000005c78b00000) (1024K)]
  0x000001bcf0fad280 JavaThread "Finalizer"                  daemon [_thread_blocked, id=11552, stack(0x0000005c78b00000,0x0000005c78c00000) (1024K)]
  0x000001bcf0fb3d30 JavaThread "Signal Dispatcher"          daemon [_thread_blocked, id=13704, stack(0x0000005c78c00000,0x0000005c78d00000) (1024K)]
  0x000001bcf0fb4c20 JavaThread "Attach Listener"            daemon [_thread_blocked, id=14012, stack(0x0000005c78d00000,0x0000005c78e00000) (1024K)]
  0x000001bcf0fb63a0 JavaThread "Service Thread"             daemon [_thread_blocked, id=14004, stack(0x0000005c78e00000,0x0000005c78f00000) (1024K)]
  0x000001bcf0fbfb30 JavaThread "Monitor Deflation Thread"   daemon [_thread_blocked, id=7876, stack(0x0000005c78f00000,0x0000005c79000000) (1024K)]
=>0x000001bcf0fc1da0 JavaThread "C2 CompilerThread0"         daemon [_thread_in_native, id=28116, stack(0x0000005c79000000,0x0000005c79100000) (1024K)]
  0x000001bcf0fc3190 JavaThread "C1 CompilerThread0"         daemon [_thread_blocked, id=6680, stack(0x0000005c79100000,0x0000005c79200000) (1024K)]
  0x000001bcf50e6db0 JavaThread "Common-Cleaner"             daemon [_thread_blocked, id=26216, stack(0x0000005c79200000,0x0000005c79300000) (1024K)]
  0x000001bcf5318910 JavaThread "Notification Thread"        daemon [_thread_blocked, id=31360, stack(0x0000005c79600000,0x0000005c79700000) (1024K)]
  0x000001bcf62d8ec0 JavaThread "Daemon health stats"               [_thread_blocked, id=25212, stack(0x0000005c7a100000,0x0000005c7a200000) (1024K)]
  0x000001bcf6649770 JavaThread "Incoming local TCP Connector on port 13073"        [_thread_in_native, id=26252, stack(0x0000005c79a00000,0x0000005c79b00000) (1024K)]
  0x000001bcf626ef10 JavaThread "Daemon periodic checks"            [_thread_blocked, id=31740, stack(0x0000005c7a200000,0x0000005c7a300000) (1024K)]
  0x000001bcf62c96b0 JavaThread "Daemon"                            [_thread_blocked, id=4272, stack(0x0000005c7a300000,0x0000005c7a400000) (1024K)]
  0x000001bcf726b1f0 JavaThread "Daemon worker"                     [_thread_in_native, id=26368, stack(0x0000005c7a600000,0x0000005c7a700000) (1024K)]
  0x000001bcf627ac00 JavaThread "Cache worker for journal cache (D:\Gradle\.gradle\caches\journal-1)"        [_thread_blocked, id=11988, stack(0x0000005c7aa00000,0x0000005c7ab00000) (1024K)]
  0x000001bcf6279ee0 JavaThread "File lock request listener"        [_thread_in_native, id=2856, stack(0x0000005c7ab00000,0x0000005c7ac00000) (1024K)]
  0x000001bcf627a570 JavaThread "Cache worker for file hash cache (D:\Gradle\.gradle\caches\8.8\fileHashes)"        [_thread_blocked, id=15532, stack(0x0000005c7ac00000,0x0000005c7ad00000) (1024K)]
  0x000001bcf627bfb0 JavaThread "File watcher server"        daemon [_thread_in_native, id=11064, stack(0x0000005c7ba00000,0x0000005c7bb00000) (1024K)]
  0x000001bcf9d7d400 JavaThread "File watcher consumer"      daemon [_thread_blocked, id=16340, stack(0x0000005c7bb00000,0x0000005c7bc00000) (1024K)]
  0x000001bcf9d7b330 JavaThread "Cache worker for file content cache (D:\Gradle\.gradle\caches\8.8\fileContent)"        [_thread_blocked, id=2448, stack(0x0000005c7bd00000,0x0000005c7be00000) (1024K)]
  0x000001bcf9d7aca0 JavaThread "jar transforms"                    [_thread_blocked, id=1164, stack(0x0000005c7c000000,0x0000005c7c100000) (1024K)]
  0x000001bcf9d7b9c0 JavaThread "jar transforms Thread 2"           [_thread_blocked, id=22552, stack(0x0000005c7c100000,0x0000005c7c200000) (1024K)]
  0x000001bcf9d7ee40 JavaThread "jar transforms Thread 3"           [_thread_blocked, id=23200, stack(0x0000005c7c300000,0x0000005c7c400000) (1024K)]
  0x000001bcf9d7fb60 JavaThread "jar transforms Thread 4"           [_thread_blocked, id=28408, stack(0x0000005c7c400000,0x0000005c7c500000) (1024K)]
  0x000001bcf9d7f4d0 JavaThread "jar transforms Thread 5"           [_thread_blocked, id=6280, stack(0x0000005c7c500000,0x0000005c7c600000) (1024K)]
  0x000001bcf9ce1bd0 JavaThread "jar transforms Thread 6"           [_thread_blocked, id=2092, stack(0x0000005c7cc00000,0x0000005c7cd00000) (1024K)]
  0x000001bcf9ce1540 JavaThread "jar transforms Thread 7"           [_thread_blocked, id=13060, stack(0x0000005c7cd00000,0x0000005c7ce00000) (1024K)]
  0x000001bcfd26e780 JavaThread "Memory manager"                    [_thread_blocked, id=32480, stack(0x0000005c00900000,0x0000005c00a00000) (1024K)]
  0x000001bcfef357f0 JavaThread "jar transforms Thread 8"           [_thread_blocked, id=16300, stack(0x0000005c01100000,0x0000005c01200000) (1024K)]
  0x000001bcfd270850 JavaThread "ForkJoinPool.commonPool-worker-1" daemon [_thread_blocked, id=8784, stack(0x0000005c02d00000,0x0000005c02e00000) (1024K)]
  0x000001bcf9834d80 JavaThread "ForkJoinPool.commonPool-worker-2" daemon [_thread_blocked, id=26844, stack(0x0000005c02e00000,0x0000005c02f00000) (1024K)]
  0x000001bcf9835410 JavaThread "ForkJoinPool.commonPool-worker-3" daemon [_thread_blocked, id=29556, stack(0x0000005c02f00000,0x0000005c03000000) (1024K)]
  0x000001bcf9835aa0 JavaThread "ForkJoinPool.commonPool-worker-4" daemon [_thread_blocked, id=13068, stack(0x0000005c03000000,0x0000005c03100000) (1024K)]
  0x000001bcf9836130 JavaThread "ForkJoinPool.commonPool-worker-5" daemon [_thread_blocked, id=29356, stack(0x0000005c03100000,0x0000005c03200000) (1024K)]
  0x000001bcf98367c0 JavaThread "ForkJoinPool.commonPool-worker-6" daemon [_thread_blocked, id=10280, stack(0x0000005c03200000,0x0000005c03300000) (1024K)]
  0x000001bcf9836e50 JavaThread "ForkJoinPool.commonPool-worker-7" daemon [_thread_blocked, id=12044, stack(0x0000005c03300000,0x0000005c03400000) (1024K)]
  0x000001bcf98346f0 JavaThread "ForkJoinPool.commonPool-worker-8" daemon [_thread_blocked, id=29648, stack(0x0000005c03400000,0x0000005c03500000) (1024K)]
  0x000001bcf98374e0 JavaThread "ForkJoinPool.commonPool-worker-9" daemon [_thread_blocked, id=3340, stack(0x0000005c03500000,0x0000005c03600000) (1024K)]
  0x000001bcf9834060 JavaThread "ForkJoinPool.commonPool-worker-10" daemon [_thread_blocked, id=24288, stack(0x0000005c03600000,0x0000005c03700000) (1024K)]
  0x000001bcf86e2c30 JavaThread "Exec process"                      [_thread_blocked, id=24040, stack(0x0000005c03700000,0x0000005c03800000) (1024K)]
  0x000001bcf86e1880 JavaThread "Exec process Thread 2"             [_thread_blocked, id=6796, stack(0x0000005c03800000,0x0000005c03900000) (1024K)]
  0x000001bcf86e3950 JavaThread "Exec process Thread 3"             [_thread_blocked, id=17288, stack(0x0000005c03900000,0x0000005c03a00000) (1024K)]
  0x000001bcf86e5390 JavaThread "Handler for socket connection from /127.0.0.1:13073 to /127.0.0.1:13104"        [_thread_in_native, id=2908, stack(0x0000005c00100000,0x0000005c00200000) (1024K)]
  0x000001bcf86e25a0 JavaThread "Cancel handler"                    [_thread_blocked, id=23440, stack(0x0000005c00200000,0x0000005c00300000) (1024K)]
  0x000001bcf86e32c0 JavaThread "Asynchronous log dispatcher for DefaultDaemonConnection: socket connection from /127.0.0.1:13073 to /127.0.0.1:13104"        [_thread_blocked, id=31108, stack(0x0000005c00300000,0x0000005c00400000) (1024K)]
  0x000001bcf86e4d00 JavaThread "Stdin handler"                     [_thread_blocked, id=31920, stack(0x0000005c00400000,0x0000005c00500000) (1024K)]
  0x000001bcf86e3fe0 JavaThread "Daemon client event forwarder"        [_thread_blocked, id=22264, stack(0x0000005c00500000,0x0000005c00600000) (1024K)]
  0x000001bcf86e4670 JavaThread "Cache worker for file hash cache (D:\GitHub\Control Craft\.gradle\8.8\fileHashes)"        [_thread_blocked, id=25512, stack(0x0000005c00600000,0x0000005c00700000) (1024K)]
  0x000001bcf86e1f10 JavaThread "Cache worker for checksums cache (D:\GitHub\Control Craft\.gradle\8.8\checksums)"        [_thread_blocked, id=11404, stack(0x0000005c00800000,0x0000005c00900000) (1024K)]
  0x000001bcf86e7460 JavaThread "Cache worker for cache directory md-rule (D:\Gradle\.gradle\caches\8.8\md-rule)"        [_thread_blocked, id=31600, stack(0x0000005c00a00000,0x0000005c00b00000) (1024K)]
  0x000001bcf86e6740 JavaThread "Cache worker for cache directory md-supplier (D:\Gradle\.gradle\caches\8.8\md-supplier)"        [_thread_blocked, id=9836, stack(0x0000005c00b00000,0x0000005c00c00000) (1024K)]
  0x000001bcfef36ba0 JavaThread "Unconstrained build operations"        [_thread_blocked, id=796, stack(0x0000005c00700000,0x0000005c00800000) (1024K)]
  0x000001bcfef378c0 JavaThread "Unconstrained build operations Thread 2"        [_thread_blocked, id=32064, stack(0x0000005c00c00000,0x0000005c00d00000) (1024K)]
  0x000001bcfef37f50 JavaThread "Unconstrained build operations Thread 3"        [_thread_blocked, id=26480, stack(0x0000005c01200000,0x0000005c01300000) (1024K)]
  0x000001bcfef34ad0 JavaThread "Unconstrained build operations Thread 4"        [_thread_blocked, id=15596, stack(0x0000005c01300000,0x0000005c01400000) (1024K)]
  0x000001bcfef385e0 JavaThread "Cache worker for Build Output Cleanup Cache (D:\GitHub\Control Craft\.gradle\buildOutputCleanup)"        [_thread_blocked, id=32512, stack(0x0000005c01600000,0x0000005c01700000) (1024K)]
  0x000001bcfef38c70 JavaThread "Unconstrained build operations Thread 5"        [_thread_blocked, id=4124, stack(0x0000005c01900000,0x0000005c01a00000) (1024K)]
  0x000001bcfef3a6b0 JavaThread "Unconstrained build operations Thread 6"        [_thread_blocked, id=11996, stack(0x0000005c01a00000,0x0000005c01b00000) (1024K)]
  0x000001bcfef39300 JavaThread "Unconstrained build operations Thread 7"        [_thread_blocked, id=8696, stack(0x0000005c01b00000,0x0000005c01c00000) (1024K)]
  0x000001bcfef3a020 JavaThread "Unconstrained build operations Thread 8"        [_thread_blocked, id=6040, stack(0x0000005c01c00000,0x0000005c01d00000) (1024K)]
  0x000001bcfef39990 JavaThread "Unconstrained build operations Thread 9"        [_thread_blocked, id=31096, stack(0x0000005c01d00000,0x0000005c01e00000) (1024K)]
  0x000001bcfef3ad40 JavaThread "Unconstrained build operations Thread 10"        [_thread_blocked, id=10460, stack(0x0000005c01e00000,0x0000005c01f00000) (1024K)]
  0x000001bcfd26a5e0 JavaThread "Unconstrained build operations Thread 11"        [_thread_blocked, id=24664, stack(0x0000005c01f00000,0x0000005c02000000) (1024K)]
  0x000001bcfd26d3d0 JavaThread "Unconstrained build operations Thread 12"        [_thread_blocked, id=22900, stack(0x0000005c02000000,0x0000005c02100000) (1024K)]
  0x000001bcfd269f50 JavaThread "Unconstrained build operations Thread 13"        [_thread_blocked, id=20280, stack(0x0000005c02100000,0x0000005c02200000) (1024K)]
  0x000001bcfd26b300 JavaThread "Unconstrained build operations Thread 14"        [_thread_blocked, id=11516, stack(0x0000005c02200000,0x0000005c02300000) (1024K)]
  0x000001bcfd26da60 JavaThread "Unconstrained build operations Thread 15"        [_thread_blocked, id=18076, stack(0x0000005c02300000,0x0000005c02400000) (1024K)]
  0x000001bcfd26e0f0 JavaThread "Unconstrained build operations Thread 16"        [_thread_blocked, id=10084, stack(0x0000005c02400000,0x0000005c02500000) (1024K)]
  0x000001bcfd26ac70 JavaThread "Unconstrained build operations Thread 17"        [_thread_blocked, id=2828, stack(0x0000005c02500000,0x0000005c02600000) (1024K)]
  0x000001bcfd270ee0 JavaThread "Unconstrained build operations Thread 18"        [_thread_blocked, id=24828, stack(0x0000005c02600000,0x0000005c02700000) (1024K)]
  0x000001bcfd26f4a0 JavaThread "Unconstrained build operations Thread 19"        [_thread_blocked, id=25644, stack(0x0000005c02700000,0x0000005c02800000) (1024K)]
  0x000001bcfd2701c0 JavaThread "Unconstrained build operations Thread 20"        [_thread_blocked, id=14704, stack(0x0000005c02800000,0x0000005c02900000) (1024K)]
  0x000001bcfd271570 JavaThread "Unconstrained build operations Thread 21"        [_thread_blocked, id=9024, stack(0x0000005c02900000,0x0000005c02a00000) (1024K)]
  0x000001bcf9d7da90 JavaThread "Unconstrained build operations Thread 22"        [_thread_blocked, id=5044, stack(0x0000005c02a00000,0x0000005c02b00000) (1024K)]
  0x000001bcf9d7c050 JavaThread "Unconstrained build operations Thread 23"        [_thread_blocked, id=7188, stack(0x0000005c02b00000,0x0000005c02c00000) (1024K)]
  0x000001bcf9d801f0 JavaThread "Unconstrained build operations Thread 24"        [_thread_blocked, id=19520, stack(0x0000005c01800000,0x0000005c01900000) (1024K)]
  0x000001bcf9d80880 JavaThread "Unconstrained build operations Thread 25"        [_thread_blocked, id=26452, stack(0x0000005c02c00000,0x0000005c02d00000) (1024K)]
  0x000001bcf9d80f10 JavaThread "Unconstrained build operations Thread 26"        [_thread_blocked, id=12480, stack(0x0000005c03a00000,0x0000005c03b00000) (1024K)]
  0x000001bcf9d815a0 JavaThread "Unconstrained build operations Thread 27"        [_thread_blocked, id=16316, stack(0x0000005c03b00000,0x0000005c03c00000) (1024K)]
  0x000001bcf9d7e120 JavaThread "Unconstrained build operations Thread 28"        [_thread_blocked, id=3008, stack(0x0000005c03c00000,0x0000005c03d00000) (1024K)]
  0x000001bcf9d81c30 JavaThread "Unconstrained build operations Thread 29"        [_thread_blocked, id=31468, stack(0x0000005c03d00000,0x0000005c03e00000) (1024K)]
  0x000001bcf9d822c0 JavaThread "Unconstrained build operations Thread 30"        [_thread_blocked, id=18628, stack(0x0000005c03e00000,0x0000005c03f00000) (1024K)]
  0x000001bcf9ce2f80 JavaThread "Unconstrained build operations Thread 31"        [_thread_blocked, id=27248, stack(0x0000005c03f00000,0x0000005c04000000) (1024K)]
  0x000001bcf9ce0190 JavaThread "Unconstrained build operations Thread 32"        [_thread_blocked, id=20996, stack(0x0000005c04000000,0x0000005c04100000) (1024K)]
  0x000001bcf9ce28f0 JavaThread "Unconstrained build operations Thread 33"        [_thread_blocked, id=2352, stack(0x0000005c04100000,0x0000005c04200000) (1024K)]
  0x000001bcf9ce0820 JavaThread "Unconstrained build operations Thread 34"        [_thread_blocked, id=31956, stack(0x0000005c04200000,0x0000005c04300000) (1024K)]
  0x000001bcf9ce0eb0 JavaThread "Unconstrained build operations Thread 35"        [_thread_blocked, id=12400, stack(0x0000005c04300000,0x0000005c04400000) (1024K)]
  0x000001bcf627b920 JavaThread "Unconstrained build operations Thread 36"        [_thread_blocked, id=1136, stack(0x0000005c04400000,0x0000005c04500000) (1024K)]
  0x000001bcf627ccd0 JavaThread "Unconstrained build operations Thread 37"        [_thread_blocked, id=3064, stack(0x0000005c04500000,0x0000005c04600000) (1024K)]
  0x000001bcf627c640 JavaThread "Unconstrained build operations Thread 38"        [_thread_blocked, id=30112, stack(0x0000005c04700000,0x0000005c04800000) (1024K)]
  0x000001bcf627d360 JavaThread "Unconstrained build operations Thread 39"        [_thread_blocked, id=23308, stack(0x0000005c04800000,0x0000005c04900000) (1024K)]
  0x000001bcfbc92680 JavaThread "Unconstrained build operations Thread 40"        [_thread_blocked, id=27252, stack(0x0000005c04900000,0x0000005c04a00000) (1024K)]
  0x000001bcfbc912d0 JavaThread "Unconstrained build operations Thread 41"        [_thread_blocked, id=10272, stack(0x0000005c04a00000,0x0000005c04b00000) (1024K)]
  0x000001bcfbc91960 JavaThread "Unconstrained build operations Thread 42"        [_thread_blocked, id=15244, stack(0x0000005c04b00000,0x0000005c04c00000) (1024K)]
  0x000001bcfbc92d10 JavaThread "build event listener"              [_thread_blocked, id=20688, stack(0x0000005c04600000,0x0000005c04700000) (1024K)]
  0x000001bcfbc933a0 JavaThread "Unconstrained build operations Thread 43"        [_thread_blocked, id=12740, stack(0x0000005c04f00000,0x0000005c05000000) (1024K)]
  0x000001bcfbc8ff20 JavaThread "Unconstrained build operations Thread 44"        [_thread_blocked, id=14788, stack(0x0000005c05000000,0x0000005c05100000) (1024K)]
  0x000001bcfbc905b0 JavaThread "Unconstrained build operations Thread 45"        [_thread_blocked, id=11772, stack(0x0000005c05100000,0x0000005c05200000) (1024K)]
  0x000001bcfbc90c40 JavaThread "Unconstrained build operations Thread 46"        [_thread_blocked, id=17968, stack(0x0000005c05200000,0x0000005c05300000) (1024K)]
  0x000001bcf8848ee0 JavaThread "Unconstrained build operations Thread 47"        [_thread_blocked, id=32160, stack(0x0000005c05300000,0x0000005c05400000) (1024K)]
  0x000001bcf884b640 JavaThread "Unconstrained build operations Thread 48"        [_thread_blocked, id=2168, stack(0x0000005c05400000,0x0000005c05500000) (1024K)]
  0x000001bcf884bcd0 JavaThread "Unconstrained build operations Thread 49"        [_thread_blocked, id=30884, stack(0x0000005c05500000,0x0000005c05600000) (1024K)]
  0x000001bcf884a290 JavaThread "Unconstrained build operations Thread 50"        [_thread_blocked, id=30408, stack(0x0000005c05600000,0x0000005c05700000) (1024K)]
  0x000001bcf8849c00 JavaThread "Unconstrained build operations Thread 51"        [_thread_blocked, id=28016, stack(0x0000005c01700000,0x0000005c01800000) (1024K)]
  0x000001bcf884a920 JavaThread "Unconstrained build operations Thread 52"        [_thread_blocked, id=26552, stack(0x0000005c04c00000,0x0000005c04d00000) (1024K)]
  0x000001bcf8848850 JavaThread "Unconstrained build operations Thread 53"        [_thread_blocked, id=31860, stack(0x0000005c04d00000,0x0000005c04e00000) (1024K)]
  0x000001bcf884f150 JavaThread "Unconstrained build operations Thread 54"        [_thread_blocked, id=4852, stack(0x0000005c04e00000,0x0000005c04f00000) (1024K)]
  0x000001bcf884eac0 JavaThread "Unconstrained build operations Thread 55"        [_thread_blocked, id=8540, stack(0x0000005c05700000,0x0000005c05800000) (1024K)]
  0x000001bcf884f7e0 JavaThread "Unconstrained build operations Thread 56"        [_thread_blocked, id=23172, stack(0x0000005c05800000,0x0000005c05900000) (1024K)]
  0x000001bcf884c360 JavaThread "Unconstrained build operations Thread 57"        [_thread_blocked, id=23108, stack(0x0000005c05900000,0x0000005c05a00000) (1024K)]
  0x000001bcf884fe70 JavaThread "Unconstrained build operations Thread 58"        [_thread_blocked, id=23544, stack(0x0000005c05a00000,0x0000005c05b00000) (1024K)]
  0x000001bcf884c9f0 JavaThread "Unconstrained build operations Thread 59"        [_thread_blocked, id=30860, stack(0x0000005c05b00000,0x0000005c05c00000) (1024K)]
  0x000001bcf884e430 JavaThread "Unconstrained build operations Thread 60"        [_thread_blocked, id=29848, stack(0x0000005c05c00000,0x0000005c05d00000) (1024K)]
  0x000001bcf884d080 JavaThread "Unconstrained build operations Thread 61"        [_thread_blocked, id=29920, stack(0x0000005c05d00000,0x0000005c05e00000) (1024K)]
  0x000001bcf884d710 JavaThread "Unconstrained build operations Thread 62"        [_thread_blocked, id=2080, stack(0x0000005c05e00000,0x0000005c05f00000) (1024K)]
  0x000001bcf884dda0 JavaThread "Unconstrained build operations Thread 63"        [_thread_blocked, id=5456, stack(0x0000005c05f00000,0x0000005c06000000) (1024K)]
  0x000001bcf86e5a20 JavaThread "Unconstrained build operations Thread 64"        [_thread_blocked, id=13872, stack(0x0000005c06000000,0x0000005c06100000) (1024K)]
  0x000001bcf86e60b0 JavaThread "Unconstrained build operations Thread 65"        [_thread_blocked, id=17940, stack(0x0000005c06100000,0x0000005c06200000) (1024K)]
  0x000001bcf86e8180 JavaThread "Unconstrained build operations Thread 66"        [_thread_blocked, id=11440, stack(0x0000005c06200000,0x0000005c06300000) (1024K)]
  0x000001bcf86e6dd0 JavaThread "Unconstrained build operations Thread 67"        [_thread_blocked, id=26532, stack(0x0000005c06300000,0x0000005c06400000) (1024K)]
  0x000001bcf86e7af0 JavaThread "Unconstrained build operations Thread 68"        [_thread_blocked, id=3396, stack(0x0000005c06400000,0x0000005c06500000) (1024K)]
  0x000001bcf86e8810 JavaThread "Unconstrained build operations Thread 69"        [_thread_blocked, id=31820, stack(0x0000005c06500000,0x0000005c06600000) (1024K)]
  0x000001bcfef35160 JavaThread "ForkJoinPool.commonPool-worker-11" daemon [_thread_blocked, id=31488, stack(0x0000005c06600000,0x0000005c06700000) (1024K)]
Total: 125

Other Threads:
  0x000001bcf0f811e0 VMThread "VM Thread"                           [id=8736, stack(0x0000005c78900000,0x0000005c78a00000) (1024K)]
  0x000001bcf0f67880 WatcherThread "VM Periodic Task Thread"        [id=4332, stack(0x0000005c78800000,0x0000005c78900000) (1024K)]
  0x000001bcd17e7090 WorkerThread "GC Thread#0"                     [id=32676, stack(0x0000005c78300000,0x0000005c78400000) (1024K)]
  0x000001bcf62337d0 WorkerThread "GC Thread#1"                     [id=5644, stack(0x0000005c79b00000,0x0000005c79c00000) (1024K)]
  0x000001bcf6233b70 WorkerThread "GC Thread#2"                     [id=29644, stack(0x0000005c79c00000,0x0000005c79d00000) (1024K)]
  0x000001bcf5e1b070 WorkerThread "GC Thread#3"                     [id=4264, stack(0x0000005c79d00000,0x0000005c79e00000) (1024K)]
  0x000001bcf5e1b410 WorkerThread "GC Thread#4"                     [id=15956, stack(0x0000005c79e00000,0x0000005c79f00000) (1024K)]
  0x000001bcf5fc9490 WorkerThread "GC Thread#5"                     [id=31132, stack(0x0000005c79f00000,0x0000005c7a000000) (1024K)]
  0x000001bcf7493f20 WorkerThread "GC Thread#6"                     [id=6712, stack(0x0000005c7ad00000,0x0000005c7ae00000) (1024K)]
  0x000001bcf74937e0 WorkerThread "GC Thread#7"                     [id=10908, stack(0x0000005c7ae00000,0x0000005c7af00000) (1024K)]
  0x000001bcf7494660 WorkerThread "GC Thread#8"                     [id=4212, stack(0x0000005c7af00000,0x0000005c7b000000) (1024K)]
  0x000001bcf74942c0 WorkerThread "GC Thread#9"                     [id=26492, stack(0x0000005c7b000000,0x0000005c7b100000) (1024K)]
  0x000001bcf7494a00 WorkerThread "GC Thread#10"                    [id=23116, stack(0x0000005c7b100000,0x0000005c7b200000) (1024K)]
  0x000001bcf8b03b40 WorkerThread "GC Thread#11"                    [id=8260, stack(0x0000005c7b200000,0x0000005c7b300000) (1024K)]
  0x000001bcf8b03ee0 WorkerThread "GC Thread#12"                    [id=2176, stack(0x0000005c7b300000,0x0000005c7b400000) (1024K)]
  0x000001bcf8b03060 WorkerThread "GC Thread#13"                    [id=14256, stack(0x0000005c7b400000,0x0000005c7b500000) (1024K)]
  0x000001bcf8b06320 WorkerThread "GC Thread#14"                    [id=4552, stack(0x0000005c7b500000,0x0000005c7b600000) (1024K)]
  0x000001bcd17f3f80 ConcurrentGCThread "G1 Main Marker"            [id=23120, stack(0x0000005c78400000,0x0000005c78500000) (1024K)]
  0x000001bcd17f4990 WorkerThread "G1 Conc#0"                       [id=1680, stack(0x0000005c78500000,0x0000005c78600000) (1024K)]
  0x000001bcf8b05100 WorkerThread "G1 Conc#1"                       [id=16596, stack(0x0000005c7b600000,0x0000005c7b700000) (1024K)]
  0x000001bcf8b037a0 WorkerThread "G1 Conc#2"                       [id=17964, stack(0x0000005c7b700000,0x0000005c7b800000) (1024K)]
  0x000001bcf8b05be0 WorkerThread "G1 Conc#3"                       [id=5612, stack(0x0000005c7b800000,0x0000005c7b900000) (1024K)]
  0x000001bcd184ea80 ConcurrentGCThread "G1 Refine#0"               [id=15024, stack(0x0000005c78600000,0x0000005c78700000) (1024K)]
  0x000001bcf0e3bc90 ConcurrentGCThread "G1 Service"                [id=26076, stack(0x0000005c78700000,0x0000005c78800000) (1024K)]
Total: 24

Threads with active compile tasks:
C2 CompilerThread0    89862 14120       4       javax.management.ObjectName::construct (1135 bytes)
Total: 1

VM state: not at safepoint (normal execution)

VM Mutex/Monitor currently owned by a thread: None

Heap address: 0x0000000740000000, size: 3072 MB, Compressed Oops mode: Zero based, Oop shift amount: 3

CDS archive(s) mapped at: [0x000001bc80000000-0x000001bc80c90000-0x000001bc80c90000), size 13172736, SharedBaseAddress: 0x000001bc80000000, ArchiveRelocationMode: 1.
Compressed class space mapped at: 0x000001bc81000000-0x000001bcc1000000, reserved size: 1073741824
Narrow klass base: 0x000001bc80000000, Narrow klass shift: 0, Narrow klass range: 0x100000000

GC Precious Log:
 CardTable entry size: 512
 Card Set container configuration: InlinePtr #cards 4 size 8 Array Of Cards #cards 16 size 48 Howl #buckets 8 coarsen threshold 3686 Howl Bitmap #cards 512 size 80 coarsen threshold 460 Card regions per heap region 1 cards per card region 4096
 CPUs: 20 total, 20 available
 Memory: 16004M
 Large Page Support: Disabled
 NUMA Support: Disabled
 Compressed Oops: Enabled (Zero based)
 Heap Region Size: 2M
 Heap Min Capacity: 8M
 Heap Initial Capacity: 252M
 Heap Max Capacity: 3G
 Pre-touch: Disabled
 Parallel Workers: 15
 Concurrent Workers: 4
 Concurrent Refinement Workers: 15
 Periodic GC: Disabled

Heap:
 garbage-first heap   total 215040K, used 208773K [0x0000000740000000, 0x0000000800000000)
  region size 2048K, 21 young (43008K), 4 survivors (8192K)
 Metaspace       used 89015K, committed 91328K, reserved 1179648K
  class space    used 12192K, committed 13312K, reserved 1048576K

Heap Regions: E=young(eden), S=young(survivor), O=old, HS=humongous(starts), HC=humongous(continues), CS=collection set, F=free, TAMS=top-at-mark-start, PB=parsable bottom
|   0|0x0000000740000000, 0x0000000740200000, 0x0000000740200000|100%|HS|  |TAMS 0x0000000740000000| PB 0x0000000740000000| Complete 
|   1|0x0000000740200000, 0x0000000740400000, 0x0000000740400000|100%|HC|  |TAMS 0x0000000740200000| PB 0x0000000740200000| Complete 
|   2|0x0000000740400000, 0x0000000740600000, 0x0000000740600000|100%| O|  |TAMS 0x0000000740400000| PB 0x0000000740400000| Untracked 
|   3|0x0000000740600000, 0x0000000740800000, 0x0000000740800000|100%| O|  |TAMS 0x0000000740600000| PB 0x0000000740600000| Untracked 
|   4|0x0000000740800000, 0x0000000740a00000, 0x0000000740a00000|100%| O|  |TAMS 0x0000000740800000| PB 0x0000000740800000| Untracked 
|   5|0x0000000740a00000, 0x0000000740c00000, 0x0000000740c00000|100%| O|  |TAMS 0x0000000740a00000| PB 0x0000000740a00000| Untracked 
|   6|0x0000000740c00000, 0x0000000740e00000, 0x0000000740e00000|100%| O|  |TAMS 0x0000000740c00000| PB 0x0000000740c00000| Untracked 
|   7|0x0000000740e00000, 0x0000000741000000, 0x0000000741000000|100%| O|  |TAMS 0x0000000740e00000| PB 0x0000000740e00000| Untracked 
|   8|0x0000000741000000, 0x0000000741200000, 0x0000000741200000|100%| O|  |TAMS 0x0000000741000000| PB 0x0000000741000000| Untracked 
|   9|0x0000000741200000, 0x0000000741400000, 0x0000000741400000|100%| O|  |TAMS 0x0000000741200000| PB 0x0000000741200000| Untracked 
|  10|0x0000000741400000, 0x0000000741600000, 0x0000000741600000|100%| O|  |TAMS 0x0000000741400000| PB 0x0000000741400000| Untracked 
|  11|0x0000000741600000, 0x0000000741800000, 0x0000000741800000|100%| O|  |TAMS 0x0000000741600000| PB 0x0000000741600000| Untracked 
|  12|0x0000000741800000, 0x0000000741a00000, 0x0000000741a00000|100%| O|  |TAMS 0x0000000741800000| PB 0x0000000741800000| Untracked 
|  13|0x0000000741a00000, 0x0000000741c00000, 0x0000000741c00000|100%| O|  |TAMS 0x0000000741a00000| PB 0x0000000741a00000| Untracked 
|  14|0x0000000741c00000, 0x0000000741e00000, 0x0000000741e00000|100%|HS|  |TAMS 0x0000000741c00000| PB 0x0000000741c00000| Complete 
|  15|0x0000000741e00000, 0x0000000742000000, 0x0000000742000000|100%| O|  |TAMS 0x0000000741e00000| PB 0x0000000741e00000| Untracked 
|  16|0x0000000742000000, 0x0000000742200000, 0x0000000742200000|100%| O|  |TAMS 0x0000000742000000| PB 0x0000000742000000| Untracked 
|  17|0x0000000742200000, 0x0000000742400000, 0x0000000742400000|100%| O|  |TAMS 0x0000000742200000| PB 0x0000000742200000| Untracked 
|  18|0x0000000742400000, 0x0000000742600000, 0x0000000742600000|100%| O|  |TAMS 0x0000000742400000| PB 0x0000000742400000| Untracked 
|  19|0x0000000742600000, 0x0000000742800000, 0x0000000742800000|100%|HS|  |TAMS 0x0000000742600000| PB 0x0000000742600000| Complete 
|  20|0x0000000742800000, 0x0000000742a00000, 0x0000000742a00000|100%|HS|  |TAMS 0x0000000742800000| PB 0x0000000742800000| Complete 
|  21|0x0000000742a00000, 0x0000000742c00000, 0x0000000742c00000|100%|HS|  |TAMS 0x0000000742a00000| PB 0x0000000742a00000| Complete 
|  22|0x0000000742c00000, 0x0000000742e00000, 0x0000000742e00000|100%| O|  |TAMS 0x0000000742c00000| PB 0x0000000742c00000| Untracked 
|  23|0x0000000742e00000, 0x0000000743000000, 0x0000000743000000|100%| O|Cm|TAMS 0x0000000742e00000| PB 0x0000000742e00000| Complete 
|  24|0x0000000743000000, 0x0000000743200000, 0x0000000743200000|100%| O|  |TAMS 0x0000000743000000| PB 0x0000000743000000| Untracked 
|  25|0x0000000743200000, 0x0000000743400000, 0x0000000743400000|100%| O|  |TAMS 0x0000000743200000| PB 0x0000000743200000| Untracked 
|  26|0x0000000743400000, 0x0000000743600000, 0x0000000743600000|100%| O|  |TAMS 0x0000000743400000| PB 0x0000000743400000| Untracked 
|  27|0x0000000743600000, 0x0000000743800000, 0x0000000743800000|100%| O|  |TAMS 0x0000000743600000| PB 0x0000000743600000| Untracked 
|  28|0x0000000743800000, 0x0000000743a00000, 0x0000000743a00000|100%| O|  |TAMS 0x0000000743800000| PB 0x0000000743800000| Untracked 
|  29|0x0000000743a00000, 0x0000000743c00000, 0x0000000743c00000|100%| O|  |TAMS 0x0000000743a00000| PB 0x0000000743a00000| Untracked 
|  30|0x0000000743c00000, 0x0000000743e00000, 0x0000000743e00000|100%| O|  |TAMS 0x0000000743c00000| PB 0x0000000743c00000| Untracked 
|  31|0x0000000743e00000, 0x0000000744000000, 0x0000000744000000|100%| O|  |TAMS 0x0000000743e00000| PB 0x0000000743e00000| Untracked 
|  32|0x0000000744000000, 0x0000000744200000, 0x0000000744200000|100%| O|  |TAMS 0x0000000744000000| PB 0x0000000744000000| Untracked 
|  33|0x0000000744200000, 0x0000000744400000, 0x0000000744400000|100%| O|  |TAMS 0x0000000744200000| PB 0x0000000744200000| Untracked 
|  34|0x0000000744400000, 0x0000000744600000, 0x0000000744600000|100%| O|  |TAMS 0x0000000744400000| PB 0x0000000744400000| Untracked 
|  35|0x0000000744600000, 0x0000000744800000, 0x0000000744800000|100%| O|  |TAMS 0x0000000744600000| PB 0x0000000744600000| Untracked 
|  36|0x0000000744800000, 0x0000000744800000, 0x0000000744a00000|  0%| F|  |TAMS 0x0000000744800000| PB 0x0000000744800000| Untracked 
|  37|0x0000000744a00000, 0x0000000744c00000, 0x0000000744c00000|100%| O|  |TAMS 0x0000000744a00000| PB 0x0000000744a00000| Untracked 
|  38|0x0000000744c00000, 0x0000000744e00000, 0x0000000744e00000|100%|HS|  |TAMS 0x0000000744c00000| PB 0x0000000744c00000| Complete 
|  39|0x0000000744e00000, 0x0000000745000000, 0x0000000745000000|100%|HC|  |TAMS 0x0000000744e00000| PB 0x0000000744e00000| Complete 
|  40|0x0000000745000000, 0x0000000745200000, 0x0000000745200000|100%|HC|  |TAMS 0x0000000745000000| PB 0x0000000745000000| Complete 
|  41|0x0000000745200000, 0x0000000745366d98, 0x0000000745400000| 70%| E|  |TAMS 0x0000000745200000| PB 0x0000000745200000| Complete 
|  42|0x0000000745400000, 0x0000000745600000, 0x0000000745600000|100%| E|CS|TAMS 0x0000000745400000| PB 0x0000000745400000| Complete 
|  43|0x0000000745600000, 0x0000000745800000, 0x0000000745800000|100%| O|  |TAMS 0x0000000745600000| PB 0x0000000745600000| Untracked 
|  44|0x0000000745800000, 0x0000000745a00000, 0x0000000745a00000|100%| O|  |TAMS 0x0000000745800000| PB 0x0000000745800000| Untracked 
|  45|0x0000000745a00000, 0x0000000745af70d0, 0x0000000745c00000| 48%| O|  |TAMS 0x0000000745a00000| PB 0x0000000745a00000| Untracked 
|  46|0x0000000745c00000, 0x0000000745cea370, 0x0000000745e00000| 45%| S|CS|TAMS 0x0000000745c00000| PB 0x0000000745c00000| Complete 
|  47|0x0000000745e00000, 0x0000000746000000, 0x0000000746000000|100%| S|CS|TAMS 0x0000000745e00000| PB 0x0000000745e00000| Complete 
|  48|0x0000000746000000, 0x0000000746200000, 0x0000000746200000|100%| S|CS|TAMS 0x0000000746000000| PB 0x0000000746000000| Complete 
|  49|0x0000000746200000, 0x0000000746400000, 0x0000000746400000|100%| S|CS|TAMS 0x0000000746200000| PB 0x0000000746200000| Complete 
|  50|0x0000000746400000, 0x0000000746600000, 0x0000000746600000|100%|HS|  |TAMS 0x0000000746400000| PB 0x0000000746400000| Complete 
|  51|0x0000000746600000, 0x0000000746800000, 0x0000000746800000|100%|HC|  |TAMS 0x0000000746600000| PB 0x0000000746600000| Complete 
|  52|0x0000000746800000, 0x0000000746a00000, 0x0000000746a00000|100%|HC|  |TAMS 0x0000000746800000| PB 0x0000000746800000| Complete 
|  53|0x0000000746a00000, 0x0000000746c00000, 0x0000000746c00000|100%|HC|  |TAMS 0x0000000746a00000| PB 0x0000000746a00000| Complete 
|  54|0x0000000746c00000, 0x0000000746e00000, 0x0000000746e00000|100%|HC|  |TAMS 0x0000000746c00000| PB 0x0000000746c00000| Complete 
|  55|0x0000000746e00000, 0x0000000747000000, 0x0000000747000000|100%|HC|  |TAMS 0x0000000746e00000| PB 0x0000000746e00000| Complete 
|  56|0x0000000747000000, 0x0000000747200000, 0x0000000747200000|100%|HC|  |TAMS 0x0000000747000000| PB 0x0000000747000000| Complete 
|  57|0x0000000747200000, 0x0000000747400000, 0x0000000747400000|100%|HC|  |TAMS 0x0000000747200000| PB 0x0000000747200000| Complete 
|  58|0x0000000747400000, 0x0000000747600000, 0x0000000747600000|100%|HC|  |TAMS 0x0000000747400000| PB 0x0000000747400000| Complete 
|  59|0x0000000747600000, 0x0000000747800000, 0x0000000747800000|100%|HC|  |TAMS 0x0000000747600000| PB 0x0000000747600000| Complete 
|  60|0x0000000747800000, 0x0000000747a00000, 0x0000000747a00000|100%|HC|  |TAMS 0x0000000747800000| PB 0x0000000747800000| Complete 
|  61|0x0000000747a00000, 0x0000000747c00000, 0x0000000747c00000|100%| E|CS|TAMS 0x0000000747a00000| PB 0x0000000747a00000| Complete 
|  62|0x0000000747c00000, 0x0000000747e00000, 0x0000000747e00000|100%| E|CS|TAMS 0x0000000747c00000| PB 0x0000000747c00000| Complete 
|  63|0x0000000747e00000, 0x0000000748000000, 0x0000000748000000|100%| E|CS|TAMS 0x0000000747e00000| PB 0x0000000747e00000| Complete 
|  64|0x0000000748000000, 0x0000000748200000, 0x0000000748200000|100%| E|CS|TAMS 0x0000000748000000| PB 0x0000000748000000| Complete 
|  65|0x0000000748200000, 0x0000000748400000, 0x0000000748400000|100%| E|CS|TAMS 0x0000000748200000| PB 0x0000000748200000| Complete 
|  66|0x0000000748400000, 0x0000000748600000, 0x0000000748600000|100%| E|CS|TAMS 0x0000000748400000| PB 0x0000000748400000| Complete 
|  67|0x0000000748600000, 0x0000000748800000, 0x0000000748800000|100%| E|CS|TAMS 0x0000000748600000| PB 0x0000000748600000| Complete 
|  68|0x0000000748800000, 0x0000000748a00000, 0x0000000748a00000|100%| E|CS|TAMS 0x0000000748800000| PB 0x0000000748800000| Complete 
|  69|0x0000000748a00000, 0x0000000748c00000, 0x0000000748c00000|100%| E|CS|TAMS 0x0000000748a00000| PB 0x0000000748a00000| Complete 
|  70|0x0000000748c00000, 0x0000000748e00000, 0x0000000748e00000|100%| E|CS|TAMS 0x0000000748c00000| PB 0x0000000748c00000| Complete 
|  71|0x0000000748e00000, 0x0000000749000000, 0x0000000749000000|100%| E|CS|TAMS 0x0000000748e00000| PB 0x0000000748e00000| Complete 
|  72|0x0000000749000000, 0x0000000749200000, 0x0000000749200000|100%| E|CS|TAMS 0x0000000749000000| PB 0x0000000749000000| Complete 
|  73|0x0000000749200000, 0x0000000749400000, 0x0000000749400000|100%| E|CS|TAMS 0x0000000749200000| PB 0x0000000749200000| Complete 
|  74|0x0000000749400000, 0x0000000749600000, 0x0000000749600000|100%|HS|  |TAMS 0x0000000749400000| PB 0x0000000749400000| Complete 
|  75|0x0000000749600000, 0x0000000749800000, 0x0000000749800000|100%|HC|  |TAMS 0x0000000749600000| PB 0x0000000749600000| Complete 
|  76|0x0000000749800000, 0x0000000749a00000, 0x0000000749a00000|100%|HC|  |TAMS 0x0000000749800000| PB 0x0000000749800000| Complete 
|  77|0x0000000749a00000, 0x0000000749c00000, 0x0000000749c00000|100%|HC|  |TAMS 0x0000000749a00000| PB 0x0000000749a00000| Complete 
|  78|0x0000000749c00000, 0x0000000749e00000, 0x0000000749e00000|100%|HC|  |TAMS 0x0000000749c00000| PB 0x0000000749c00000| Complete 
|  79|0x0000000749e00000, 0x000000074a000000, 0x000000074a000000|100%|HC|  |TAMS 0x0000000749e00000| PB 0x0000000749e00000| Complete 
|  80|0x000000074a000000, 0x000000074a200000, 0x000000074a200000|100%|HC|  |TAMS 0x000000074a000000| PB 0x000000074a000000| Complete 
|  81|0x000000074a200000, 0x000000074a400000, 0x000000074a400000|100%|HC|  |TAMS 0x000000074a200000| PB 0x000000074a200000| Complete 
|  82|0x000000074a400000, 0x000000074a600000, 0x000000074a600000|100%|HC|  |TAMS 0x000000074a400000| PB 0x000000074a400000| Complete 
|  83|0x000000074a600000, 0x000000074a800000, 0x000000074a800000|100%|HC|  |TAMS 0x000000074a600000| PB 0x000000074a600000| Complete 
|  84|0x000000074a800000, 0x000000074aa00000, 0x000000074aa00000|100%|HC|  |TAMS 0x000000074a800000| PB 0x000000074a800000| Complete 
|  85|0x000000074aa00000, 0x000000074ac00000, 0x000000074ac00000|100%|HS|  |TAMS 0x000000074aa00000| PB 0x000000074aa00000| Complete 
|  86|0x000000074ac00000, 0x000000074ae00000, 0x000000074ae00000|100%|HC|  |TAMS 0x000000074ac00000| PB 0x000000074ac00000| Complete 
|  87|0x000000074ae00000, 0x000000074b000000, 0x000000074b000000|100%|HC|  |TAMS 0x000000074ae00000| PB 0x000000074ae00000| Complete 
|  88|0x000000074b000000, 0x000000074b200000, 0x000000074b200000|100%|HC|  |TAMS 0x000000074b000000| PB 0x000000074b000000| Complete 
|  89|0x000000074b200000, 0x000000074b400000, 0x000000074b400000|100%|HC|  |TAMS 0x000000074b200000| PB 0x000000074b200000| Complete 
|  90|0x000000074b400000, 0x000000074b600000, 0x000000074b600000|100%|HC|  |TAMS 0x000000074b400000| PB 0x000000074b400000| Complete 
|  91|0x000000074b600000, 0x000000074b800000, 0x000000074b800000|100%|HC|  |TAMS 0x000000074b600000| PB 0x000000074b600000| Complete 
|  92|0x000000074b800000, 0x000000074ba00000, 0x000000074ba00000|100%|HC|  |TAMS 0x000000074b800000| PB 0x000000074b800000| Complete 
|  93|0x000000074ba00000, 0x000000074bc00000, 0x000000074bc00000|100%|HC|  |TAMS 0x000000074ba00000| PB 0x000000074ba00000| Complete 
|  94|0x000000074bc00000, 0x000000074be00000, 0x000000074be00000|100%|HC|  |TAMS 0x000000074bc00000| PB 0x000000074bc00000| Complete 
|  95|0x000000074be00000, 0x000000074c000000, 0x000000074c000000|100%|HC|  |TAMS 0x000000074be00000| PB 0x000000074be00000| Complete 
| 125|0x000000074fa00000, 0x000000074fc00000, 0x000000074fc00000|100%| E|CS|TAMS 0x000000074fa00000| PB 0x000000074fa00000| Complete 
|1528|0x00000007ff000000, 0x00000007ff200000, 0x00000007ff200000|100%| O|  |TAMS 0x00000007ff000000| PB 0x00000007ff000000| Untracked 
|1529|0x00000007ff200000, 0x00000007ff400000, 0x00000007ff400000|100%| E|CS|TAMS 0x00000007ff200000| PB 0x00000007ff200000| Complete 
|1530|0x00000007ff400000, 0x00000007ff600000, 0x00000007ff600000|100%| O|  |TAMS 0x00000007ff400000| PB 0x00000007ff400000| Untracked 
|1531|0x00000007ff600000, 0x00000007ff800000, 0x00000007ff800000|100%| O|  |TAMS 0x00000007ff600000| PB 0x00000007ff600000| Untracked 
|1532|0x00000007ff800000, 0x00000007ffa00000, 0x00000007ffa00000|100%| O|  |TAMS 0x00000007ff800000| PB 0x00000007ff800000| Untracked 
|1533|0x00000007ffa00000, 0x00000007ffc00000, 0x00000007ffc00000|100%| O|  |TAMS 0x00000007ffa00000| PB 0x00000007ffa00000| Untracked 
|1534|0x00000007ffc00000, 0x00000007ffe00000, 0x00000007ffe00000|100%| O|  |TAMS 0x00000007ffc00000| PB 0x00000007ffc00000| Untracked 
|1535|0x00000007ffe00000, 0x0000000800000000, 0x0000000800000000|100%| O|  |TAMS 0x00000007ffe00000| PB 0x00000007ffe00000| Untracked 

Card table byte_map: [0x000001bcea710000,0x000001bcead10000] _byte_map_base: 0x000001bce6d10000

Marking Bits: (CMBitMap*) 0x000001bcd17e76a0
 Bits: [0x000001bcead10000, 0x000001bcedd10000)

Polling page: 0x000001bccfec0000

Metaspace:

Usage:
  Non-class:     75.02 MB used.
      Class:     11.91 MB used.
       Both:     86.93 MB used.

Virtual space:
  Non-class space:      128.00 MB reserved,      76.19 MB ( 60%) committed,  2 nodes.
      Class space:        1.00 GB reserved,      13.00 MB (  1%) committed,  1 nodes.
             Both:        1.12 GB reserved,      89.19 MB (  8%) committed. 

Chunk freelists:
   Non-Class:  3.87 MB
       Class:  3.03 MB
        Both:  6.89 MB

MaxMetaspaceSize: unlimited
CompressedClassSpaceSize: 1.00 GB
Initial GC threshold: 21.00 MB
Current GC threshold: 144.00 MB
CDS: on
 - commit_granule_bytes: 65536.
 - commit_granule_words: 8192.
 - virtual_space_node_default_size: 8388608.
 - enlarge_chunks_in_place: 1.
 - use_allocation_guard: 0.


Internal statistics:

num_allocs_failed_limit: 9.
num_arena_births: 3934.
num_arena_deaths: 0.
num_vsnodes_births: 3.
num_vsnodes_deaths: 0.
num_space_committed: 1427.
num_space_uncommitted: 0.
num_chunks_returned_to_freelist: 9.
num_chunks_taken_from_freelist: 7883.
num_chunk_merges: 6.
num_chunk_splits: 5015.
num_chunks_enlarged: 3018.
num_inconsistent_stats: 0.

CodeHeap 'non-profiled nmethods': size=119168Kb used=7423Kb max_used=7423Kb free=111745Kb
 bounds [0x000001bce1ad0000, 0x000001bce2210000, 0x000001bce8f30000]
CodeHeap 'profiled nmethods': size=119104Kb used=24536Kb max_used=24536Kb free=94567Kb
 bounds [0x000001bcd9f30000, 0x000001bcdb730000, 0x000001bce1380000]
CodeHeap 'non-nmethods': size=7488Kb used=2910Kb max_used=4670Kb free=4577Kb
 bounds [0x000001bce1380000, 0x000001bce1820000, 0x000001bce1ad0000]
 total_blobs=13288 nmethods=12294 adapters=898
 compilation: enabled
              stopped_count=0, restarted_count=0
 full_count=0

Compilation events (20 events):
Event: 70.607 Thread 0x000001bcf0fc3190 nmethod 14110 0x000001bcdb724510 code [0x000001bcdb7246c0, 0x000001bcdb7248c8]
Event: 70.607 Thread 0x000001bcf0fc1da0 14111       4       java.util.concurrent.atomic.AtomicBoolean::set (14 bytes)
Event: 70.607 Thread 0x000001bcf0fc1da0 nmethod 14111 0x000001bce220cf90 code [0x000001bce220d100, 0x000001bce220d1a0]
Event: 71.023 Thread 0x000001bcf0fc3190 14112       3       org.gradle.internal.serialize.InputStreamBackedDecoder::readString (8 bytes)
Event: 71.023 Thread 0x000001bcf0fc3190 nmethod 14112 0x000001bcdb724990 code [0x000001bcdb724b40, 0x000001bcdb724ce0]
Event: 77.119 Thread 0x000001bcf0fc3190 14113       3       org.gradle.internal.event.DefaultListenerManager$EventBroadcast::dispatch (9 bytes)
Event: 77.119 Thread 0x000001bcf0fc3190 nmethod 14113 0x000001bcdb724e10 code [0x000001bcdb724fc0, 0x000001bcdb725288]
Event: 77.119 Thread 0x000001bcf0fc3190 14114       3       org.gradle.internal.event.DefaultListenerManager$EventBroadcast::dispatch (9 bytes)
Event: 77.119 Thread 0x000001bcf0fc3190 nmethod 14114 0x000001bcdb725390 code [0x000001bcdb725540, 0x000001bcdb7256a0]
Event: 81.033 Thread 0x000001bcf0fc3190 14115       1       org.gradle.cache.internal.filelock.DefaultLockOptions::getMode (5 bytes)
Event: 81.034 Thread 0x000001bcf0fc3190 nmethod 14115 0x000001bce220d290 code [0x000001bce220d420, 0x000001bce220d4f0]
Event: 81.796 Thread 0x000001bcf0fc3190 14116       3       java.util.HashMap$Values::spliterator (16 bytes)
Event: 81.797 Thread 0x000001bcf0fc3190 nmethod 14116 0x000001bcdb725790 code [0x000001bcdb725940, 0x000001bcdb725b08]
Event: 81.797 Thread 0x000001bcf0fc3190 14117       3       java.util.HashMap$ValueSpliterator::<init> (12 bytes)
Event: 81.797 Thread 0x000001bcf0fc3190 nmethod 14117 0x000001bcdb725c10 code [0x000001bcdb725dc0, 0x000001bcdb725ff8]
Event: 81.888 Thread 0x000001bcf0fc1da0 14118   !   4       java.util.concurrent.locks.LockSupport::parkNanos (56 bytes)
Event: 81.890 Thread 0x000001bcf0fc1da0 nmethod 14118 0x000001bce220d590 code [0x000001bce220d740, 0x000001bce220d9e8]
Event: 82.526 Thread 0x000001bcf0fc1da0 14119       4       java.util.concurrent.locks.AbstractQueuedSynchronizer$ConditionObject::awaitNanos (207 bytes)
Event: 82.541 Thread 0x000001bcf0fc1da0 nmethod 14119 0x000001bce220db10 code [0x000001bce220dde0, 0x000001bce220f138]
Event: 89.798 Thread 0x000001bcf0fc1da0 14120       4       javax.management.ObjectName::construct (1135 bytes)

GC Heap History (20 events):
Event: 7.874 GC heap before
{Heap before GC invocations=19 (full 0):
 garbage-first heap   total 131072K, used 109194K [0x0000000740000000, 0x0000000800000000)
  region size 2048K, 24 young (49152K), 2 survivors (4096K)
 Metaspace       used 71477K, committed 73344K, reserved 1114112K
  class space    used 9888K, committed 10816K, reserved 1048576K
}
Event: 7.877 GC heap after
{Heap after GC invocations=20 (full 0):
 garbage-first heap   total 131072K, used 66776K [0x0000000740000000, 0x0000000800000000)
  region size 2048K, 2 young (4096K), 2 survivors (4096K)
 Metaspace       used 71477K, committed 73344K, reserved 1114112K
  class space    used 9888K, committed 10816K, reserved 1048576K
}
Event: 8.158 GC heap before
{Heap before GC invocations=20 (full 0):
 garbage-first heap   total 131072K, used 111832K [0x0000000740000000, 0x0000000800000000)
  region size 2048K, 24 young (49152K), 2 survivors (4096K)
 Metaspace       used 74159K, committed 76160K, reserved 1114112K
  class space    used 10282K, committed 11264K, reserved 1048576K
}
Event: 8.161 GC heap after
{Heap after GC invocations=21 (full 0):
 garbage-first heap   total 131072K, used 68015K [0x0000000740000000, 0x0000000800000000)
  region size 2048K, 3 young (6144K), 3 survivors (6144K)
 Metaspace       used 74159K, committed 76160K, reserved 1114112K
  class space    used 10282K, committed 11264K, reserved 1048576K
}
Event: 8.425 GC heap before
{Heap before GC invocations=21 (full 0):
 garbage-first heap   total 131072K, used 113071K [0x0000000740000000, 0x0000000800000000)
  region size 2048K, 25 young (51200K), 3 survivors (6144K)
 Metaspace       used 75070K, committed 77056K, reserved 1179648K
  class space    used 10422K, committed 11392K, reserved 1048576K
}
Event: 8.428 GC heap after
{Heap after GC invocations=22 (full 0):
 garbage-first heap   total 131072K, used 73628K [0x0000000740000000, 0x0000000800000000)
  region size 2048K, 4 young (8192K), 4 survivors (8192K)
 Metaspace       used 75070K, committed 77056K, reserved 1179648K
  class space    used 10422K, committed 11392K, reserved 1048576K
}
Event: 8.759 GC heap before
{Heap before GC invocations=23 (full 0):
 garbage-first heap   total 131072K, used 112540K [0x0000000740000000, 0x0000000800000000)
  region size 2048K, 23 young (47104K), 4 survivors (8192K)
 Metaspace       used 76302K, committed 78336K, reserved 1179648K
  class space    used 10618K, committed 11584K, reserved 1048576K
}
Event: 8.763 GC heap after
{Heap after GC invocations=24 (full 0):
 garbage-first heap   total 157696K, used 79579K [0x0000000740000000, 0x0000000800000000)
  region size 2048K, 3 young (6144K), 3 survivors (6144K)
 Metaspace       used 76302K, committed 78336K, reserved 1179648K
  class space    used 10618K, committed 11584K, reserved 1048576K
}
Event: 9.221 GC heap before
{Heap before GC invocations=24 (full 0):
 garbage-first heap   total 157696K, used 136923K [0x0000000740000000, 0x0000000800000000)
  region size 2048K, 31 young (63488K), 3 survivors (6144K)
 Metaspace       used 78941K, committed 81088K, reserved 1179648K
  class space    used 10984K, committed 12032K, reserved 1048576K
}
Event: 9.224 GC heap after
{Heap after GC invocations=25 (full 0):
 garbage-first heap   total 157696K, used 85300K [0x0000000740000000, 0x0000000800000000)
  region size 2048K, 4 young (8192K), 4 survivors (8192K)
 Metaspace       used 78941K, committed 81088K, reserved 1179648K
  class space    used 10984K, committed 12032K, reserved 1048576K
}
Event: 9.227 GC heap before
{Heap before GC invocations=25 (full 0):
 garbage-first heap   total 157696K, used 85300K [0x0000000740000000, 0x0000000800000000)
  region size 2048K, 5 young (10240K), 4 survivors (8192K)
 Metaspace       used 78996K, committed 81152K, reserved 1179648K
  class space    used 11001K, committed 12032K, reserved 1048576K
}
Event: 9.229 GC heap after
{Heap after GC invocations=26 (full 0):
 garbage-first heap   total 157696K, used 86026K [0x0000000740000000, 0x0000000800000000)
  region size 2048K, 1 young (2048K), 1 survivors (2048K)
 Metaspace       used 78996K, committed 81152K, reserved 1179648K
  class space    used 11001K, committed 12032K, reserved 1048576K
}
Event: 9.526 GC heap before
{Heap before GC invocations=27 (full 0):
 garbage-first heap   total 157696K, used 155658K [0x0000000740000000, 0x0000000800000000)
  region size 2048K, 15 young (30720K), 1 survivors (2048K)
 Metaspace       used 81017K, committed 83136K, reserved 1179648K
  class space    used 11197K, committed 12224K, reserved 1048576K
}
Event: 9.528 GC heap after
{Heap after GC invocations=28 (full 0):
 garbage-first heap   total 161792K, used 87948K [0x0000000740000000, 0x0000000800000000)
  region size 2048K, 2 young (4096K), 2 survivors (4096K)
 Metaspace       used 81017K, committed 83136K, reserved 1179648K
  class space    used 11197K, committed 12224K, reserved 1048576K
}
Event: 9.740 GC heap before
{Heap before GC invocations=28 (full 0):
 garbage-first heap   total 161792K, used 159628K [0x0000000740000000, 0x0000000800000000)
  region size 2048K, 11 young (22528K), 2 survivors (4096K)
 Metaspace       used 81929K, committed 84096K, reserved 1179648K
  class space    used 11331K, committed 12352K, reserved 1048576K
}
Event: 9.743 GC heap after
{Heap after GC invocations=29 (full 0):
 garbage-first heap   total 169984K, used 88921K [0x0000000740000000, 0x0000000800000000)
  region size 2048K, 3 young (6144K), 3 survivors (6144K)
 Metaspace       used 81929K, committed 84096K, reserved 1179648K
  class space    used 11331K, committed 12352K, reserved 1048576K
}
Event: 27.485 GC heap before
{Heap before GC invocations=29 (full 0):
 garbage-first heap   total 169984K, used 150361K [0x0000000740000000, 0x0000000800000000)
  region size 2048K, 33 young (67584K), 3 survivors (6144K)
 Metaspace       used 86070K, committed 88320K, reserved 1179648K
  class space    used 11940K, committed 13056K, reserved 1048576K
}
Event: 27.490 GC heap after
{Heap after GC invocations=30 (full 0):
 garbage-first heap   total 169984K, used 94705K [0x0000000740000000, 0x0000000800000000)
  region size 2048K, 5 young (10240K), 5 survivors (10240K)
 Metaspace       used 86070K, committed 88320K, reserved 1179648K
  class space    used 11940K, committed 13056K, reserved 1048576K
}
Event: 49.792 GC heap before
{Heap before GC invocations=31 (full 0):
 garbage-first heap   total 169984K, used 150001K [0x0000000740000000, 0x0000000800000000)
  region size 2048K, 31 young (63488K), 5 survivors (10240K)
 Metaspace       used 88581K, committed 90880K, reserved 1179648K
  class space    used 12185K, committed 13312K, reserved 1048576K
}
Event: 49.797 GC heap after
{Heap after GC invocations=32 (full 0):
 garbage-first heap   total 169984K, used 100229K [0x0000000740000000, 0x0000000800000000)
  region size 2048K, 4 young (8192K), 4 survivors (8192K)
 Metaspace       used 88581K, committed 90880K, reserved 1179648K
  class space    used 12185K, committed 13312K, reserved 1048576K
}

Dll operation events (15 events):
Event: 0.009 Loaded shared library C:\Program Files\BellSoft\LibericaJDK-21\bin\java.dll
Event: 0.041 Loaded shared library C:\Program Files\BellSoft\LibericaJDK-21\bin\jsvml.dll
Event: 0.071 Loaded shared library C:\Program Files\BellSoft\LibericaJDK-21\bin\zip.dll
Event: 0.074 Loaded shared library C:\Program Files\BellSoft\LibericaJDK-21\bin\instrument.dll
Event: 0.076 Loaded shared library C:\Program Files\BellSoft\LibericaJDK-21\bin\net.dll
Event: 0.078 Loaded shared library C:\Program Files\BellSoft\LibericaJDK-21\bin\nio.dll
Event: 0.080 Loaded shared library C:\Program Files\BellSoft\LibericaJDK-21\bin\zip.dll
Event: 0.164 Loaded shared library C:\Program Files\BellSoft\LibericaJDK-21\bin\jimage.dll
Event: 0.226 Loaded shared library C:\Program Files\BellSoft\LibericaJDK-21\bin\verify.dll
Event: 0.330 Loaded shared library D:\Gradle\.gradle\native\c067742578af261105cb4f569cf0c3c89f3d7b1fecec35dd04571415982c5e48\windows-amd64\native-platform.dll
Event: 0.333 Loaded shared library D:\Gradle\.gradle\native\100fb08df4bc3b14c8652ba06237920a3bd2aa13389f12d3474272988ae205f9\windows-amd64\native-platform-file-events.dll
Event: 0.766 Loaded shared library C:\Program Files\BellSoft\LibericaJDK-21\bin\management.dll
Event: 0.768 Loaded shared library C:\Program Files\BellSoft\LibericaJDK-21\bin\management_ext.dll
Event: 0.908 Loaded shared library C:\Program Files\BellSoft\LibericaJDK-21\bin\extnet.dll
Event: 1.045 Loaded shared library C:\Program Files\BellSoft\LibericaJDK-21\bin\sunmscapi.dll

Deoptimization events (20 events):
Event: 54.254 Thread 0x000001bcf726b1f0 Uncommon trap: trap_request=0xffffffc6 fr.pc=0x000001bce1f48f70 relative=0x0000000000002a90
Event: 54.254 Thread 0x000001bcf726b1f0 Uncommon trap: reason=bimorphic_or_optimized_type_check action=maybe_recompile pc=0x000001bce1f48f70 method=java.util.zip.InflaterInputStream.read([BII)I @ 78 c2
Event: 54.254 Thread 0x000001bcf726b1f0 DEOPT PACKING pc=0x000001bce1f48f70 sp=0x0000005c7a6f6440
Event: 54.254 Thread 0x000001bcf726b1f0 DEOPT UNPACKING pc=0x000001bce13d46a2 sp=0x0000005c7a6f6490 mode 2
Event: 61.613 Thread 0x000001bcf726b1f0 DEOPT PACKING pc=0x000001bcda64aeb2 sp=0x0000005c7a6f60c0
Event: 61.613 Thread 0x000001bcf726b1f0 DEOPT UNPACKING pc=0x000001bce13d4e42 sp=0x0000005c7a6f55d0 mode 0
Event: 62.151 Thread 0x000001bcf726b1f0 DEOPT PACKING pc=0x000001bcdb5c24cc sp=0x0000005c7a6f6a50
Event: 62.151 Thread 0x000001bcf726b1f0 DEOPT UNPACKING pc=0x000001bce13d4e42 sp=0x0000005c7a6f5f10 mode 0
Event: 67.022 Thread 0x000001bcf726b1f0 DEOPT PACKING pc=0x000001bcdad9df2d sp=0x0000005c7a6f6790
Event: 67.022 Thread 0x000001bcf726b1f0 DEOPT UNPACKING pc=0x000001bce13d4e42 sp=0x0000005c7a6f5cc8 mode 0
Event: 67.091 Thread 0x000001bcf726b1f0 Uncommon trap: trap_request=0xffffffc6 fr.pc=0x000001bce20d8f0c relative=0x00000000000001cc
Event: 67.091 Thread 0x000001bcf726b1f0 Uncommon trap: reason=bimorphic_or_optimized_type_check action=maybe_recompile pc=0x000001bce20d8f0c method=java.util.stream.ReduceOps$ReduceOp.evaluateSequential(Ljava/util/stream/PipelineHelper;Ljava/util/Spliterator;)Ljava/lang/Object; @ 2 c2
Event: 67.091 Thread 0x000001bcf726b1f0 DEOPT PACKING pc=0x000001bce20d8f0c sp=0x0000005c7a6f8f90
Event: 67.091 Thread 0x000001bcf726b1f0 DEOPT UNPACKING pc=0x000001bce13d46a2 sp=0x0000005c7a6f8f10 mode 2
Event: 69.443 Thread 0x000001bcf726b1f0 DEOPT PACKING pc=0x000001bcdb2b5cac sp=0x0000005c7a6f7000
Event: 69.443 Thread 0x000001bcf726b1f0 DEOPT UNPACKING pc=0x000001bce13d4e42 sp=0x0000005c7a6f6480 mode 0
Event: 69.443 Thread 0x000001bcf726b1f0 Uncommon trap: trap_request=0xffffff6e fr.pc=0x000001bce21c71f4 relative=0x0000000000000334
Event: 69.443 Thread 0x000001bcf726b1f0 Uncommon trap: reason=loop_limit_check action=maybe_recompile pc=0x000001bce21c71f4 method=java.math.BigInteger.implMultiplyToLen([II[II[I)[I @ 135 c2
Event: 69.443 Thread 0x000001bcf726b1f0 DEOPT PACKING pc=0x000001bce21c71f4 sp=0x0000005c7a6f6fe0
Event: 69.443 Thread 0x000001bcf726b1f0 DEOPT UNPACKING pc=0x000001bce13d46a2 sp=0x0000005c7a6f6f90 mode 2

Classes loaded (20 events):
Event: 46.324 Loading class com/sun/org/apache/xerces/internal/dom/DeferredCommentImpl
Event: 46.324 Loading class com/sun/org/apache/xerces/internal/dom/CommentImpl
Event: 46.324 Loading class com/sun/org/apache/xerces/internal/dom/CommentImpl done
Event: 46.324 Loading class com/sun/org/apache/xerces/internal/dom/DeferredCommentImpl done
Event: 57.065 Loading class sun/security/ssl/SSLCipher$T12CC20P1305WriteCipherGenerator$CC20P1305WriteCipher
Event: 57.066 Loading class sun/security/ssl/SSLCipher$T12CC20P1305WriteCipherGenerator$CC20P1305WriteCipher done
Event: 57.066 Loading class com/sun/crypto/provider/ChaCha20Cipher$EngineAEADEnc
Event: 57.066 Loading class com/sun/crypto/provider/ChaCha20Cipher$ChaChaEngine
Event: 57.066 Loading class com/sun/crypto/provider/ChaCha20Cipher$ChaChaEngine done
Event: 57.066 Loading class com/sun/crypto/provider/ChaCha20Cipher$EngineAEADEnc done
Event: 57.066 Loading class com/sun/crypto/provider/Poly1305
Event: 57.067 Loading class com/sun/crypto/provider/Poly1305 done
Event: 57.067 Loading class sun/security/util/math/intpoly/IntegerPolynomial1305
Event: 57.067 Loading class sun/security/util/math/intpoly/IntegerPolynomial1305 done
Event: 57.125 Loading class sun/security/ssl/SSLCipher$T12CC20P1305ReadCipherGenerator$CC20P1305ReadCipher
Event: 57.125 Loading class sun/security/ssl/SSLCipher$T12CC20P1305ReadCipherGenerator$CC20P1305ReadCipher done
Event: 57.126 Loading class com/sun/crypto/provider/ChaCha20Cipher$EngineAEADDec
Event: 57.126 Loading class com/sun/crypto/provider/ChaCha20Cipher$EngineAEADDec done
Event: 70.081 Loading class com/sun/crypto/provider/HmacCore$HmacSHA256
Event: 70.081 Loading class com/sun/crypto/provider/HmacCore$HmacSHA256 done

Classes unloaded (0 events):
No events

Classes redefined (0 events):
No events

Internal exceptions (20 events):
Event: 29.881 Thread 0x000001bcf86e3fe0 Exception <a 'java/lang/NoSuchMethodError'{0x000000074877f2d0}: static Lorg/gradle/internal/build/event/types/DefaultFileDownloadSuccessResult;.<clinit>()V> (0x000000074877f2d0) 
thrown [s\src\hotspot\share\prims\jni.cpp, line 1111]
Event: 29.881 Thread 0x000001bcf86e3fe0 Exception <a 'java/lang/NoSuchMethodError'{0x000000074877fea0}: static Lorg/gradle/internal/build/event/types/DefaultSuccessResult;.<clinit>()V> (0x000000074877fea0) 
thrown [s\src\hotspot\share\prims\jni.cpp, line 1111]
Event: 29.881 Thread 0x000001bcf86e3fe0 Exception <a 'java/lang/NoSuchMethodError'{0x0000000748780b20}: static Lorg/gradle/internal/build/event/types/AbstractOperationResult;.<clinit>()V> (0x0000000748780b20) 
thrown [s\src\hotspot\share\prims\jni.cpp, line 1111]
Event: 29.882 Thread 0x000001bcf86e3fe0 Exception <a 'java/lang/NoSuchMethodError'{0x0000000748781ab8}: static Lorg/gradle/internal/build/event/types/AbstractResult;.<clinit>()V> (0x0000000748781ab8) 
thrown [s\src\hotspot\share\prims\jni.cpp, line 1111]
Event: 36.324 Thread 0x000001bcf726b1f0 Implicit null exception at 0x000001bcda84780a to 0x000001bcda8483f4
Event: 36.324 Thread 0x000001bcf726b1f0 Exception <a 'java/lang/NullPointerException'{0x0000000748289160}> (0x0000000748289160) 
thrown [s\src\hotspot\share\runtime\sharedRuntime.cpp, line 625]
Event: 37.185 Thread 0x000001bcf726b1f0 Implicit null exception at 0x000001bcda84780a to 0x000001bcda8483f4
Event: 37.185 Thread 0x000001bcf726b1f0 Exception <a 'java/lang/NullPointerException'{0x0000000748300e88}> (0x0000000748300e88) 
thrown [s\src\hotspot\share\runtime\sharedRuntime.cpp, line 625]
Event: 42.409 Thread 0x000001bcf726b1f0 Implicit null exception at 0x000001bcda84780a to 0x000001bcda8483f4
Event: 42.409 Thread 0x000001bcf726b1f0 Exception <a 'java/lang/NullPointerException'{0x0000000747e238b8}> (0x0000000747e238b8) 
thrown [s\src\hotspot\share\runtime\sharedRuntime.cpp, line 625]
Event: 43.692 Thread 0x000001bcf726b1f0 Implicit null exception at 0x000001bcda84780a to 0x000001bcda8483f4
Event: 43.692 Thread 0x000001bcf726b1f0 Exception <a 'java/lang/NullPointerException'{0x0000000747e6b058}> (0x0000000747e6b058) 
thrown [s\src\hotspot\share\runtime\sharedRuntime.cpp, line 625]
Event: 51.630 Thread 0x000001bcf726b1f0 Implicit null exception at 0x000001bcda84780a to 0x000001bcda8483f4
Event: 51.630 Thread 0x000001bcf726b1f0 Exception <a 'java/lang/NullPointerException'{0x0000000748f92cc8}> (0x0000000748f92cc8) 
thrown [s\src\hotspot\share\runtime\sharedRuntime.cpp, line 625]
Event: 55.139 Thread 0x000001bcf726b1f0 Implicit null exception at 0x000001bcda84780a to 0x000001bcda8483f4
Event: 55.139 Thread 0x000001bcf726b1f0 Exception <a 'java/lang/NullPointerException'{0x0000000748cd1bd0}> (0x0000000748cd1bd0) 
thrown [s\src\hotspot\share\runtime\sharedRuntime.cpp, line 625]
Event: 69.442 Thread 0x000001bcf726b1f0 Implicit null exception at 0x000001bcda84780a to 0x000001bcda8483f4
Event: 69.442 Thread 0x000001bcf726b1f0 Exception <a 'java/lang/NullPointerException'{0x00000007455ad6d0}> (0x00000007455ad6d0) 
thrown [s\src\hotspot\share\runtime\sharedRuntime.cpp, line 625]
Event: 70.082 Thread 0x000001bcf726b1f0 Implicit null exception at 0x000001bcda84780a to 0x000001bcda8483f4
Event: 70.082 Thread 0x000001bcf726b1f0 Exception <a 'java/lang/NullPointerException'{0x00000007452230d8}> (0x00000007452230d8) 
thrown [s\src\hotspot\share\runtime\sharedRuntime.cpp, line 625]

ZGC Phase Switch (0 events):
No events

VM Operations (20 events):
Event: 58.077 Executing VM operation: Cleanup
Event: 58.077 Executing VM operation: Cleanup done
Event: 59.085 Executing VM operation: Cleanup
Event: 59.085 Executing VM operation: Cleanup done
Event: 60.122 Executing VM operation: HandshakeAllThreads (HandshakeForDeflation)
Event: 60.122 Executing VM operation: HandshakeAllThreads (HandshakeForDeflation) done
Event: 60.122 Executing VM operation: RendezvousGCThreads
Event: 60.122 Executing VM operation: RendezvousGCThreads done
Event: 62.138 Executing VM operation: Cleanup
Event: 62.138 Executing VM operation: Cleanup done
Event: 63.146 Executing VM operation: Cleanup
Event: 63.146 Executing VM operation: Cleanup done
Event: 64.149 Executing VM operation: Cleanup
Event: 64.149 Executing VM operation: Cleanup done
Event: 67.165 Executing VM operation: Cleanup
Event: 67.165 Executing VM operation: Cleanup done
Event: 69.179 Executing VM operation: Cleanup
Event: 69.179 Executing VM operation: Cleanup done
Event: 70.185 Executing VM operation: Cleanup
Event: 70.185 Executing VM operation: Cleanup done

Memory protections (0 events):
No events

Nmethod flushes (20 events):
Event: 27.522 Thread 0x000001bcf0f811e0 flushing  nmethod 0x000001bcda79dd10
Event: 27.522 Thread 0x000001bcf0f811e0 flushing  nmethod 0x000001bcda8b7190
Event: 27.522 Thread 0x000001bcf0f811e0 flushing  nmethod 0x000001bcdaa7fb10
Event: 27.522 Thread 0x000001bcf0f811e0 flushing  nmethod 0x000001bcda22fa10
Event: 27.522 Thread 0x000001bcf0f811e0 flushing  nmethod 0x000001bcda245290
Event: 27.522 Thread 0x000001bcf0f811e0 flushing  nmethod 0x000001bcda4a2e10
Event: 27.522 Thread 0x000001bcf0f811e0 flushing  nmethod 0x000001bcda4a6290
Event: 27.522 Thread 0x000001bcf0f811e0 flushing  nmethod 0x000001bcda4a6910
Event: 27.522 Thread 0x000001bcf0f811e0 flushing  nmethod 0x000001bcda65eb10
Event: 27.522 Thread 0x000001bcf0f811e0 flushing  nmethod 0x000001bcda65f010
Event: 27.522 Thread 0x000001bcf0f811e0 flushing  nmethod 0x000001bcda676490
Event: 27.522 Thread 0x000001bcf0f811e0 flushing  nmethod 0x000001bcda6f9c90
Event: 27.522 Thread 0x000001bcf0f811e0 flushing  nmethod 0x000001bcda71a010
Event: 27.522 Thread 0x000001bcf0f811e0 flushing  nmethod 0x000001bcda72ea90
Event: 27.522 Thread 0x000001bcf0f811e0 flushing  nmethod 0x000001bcda744d10
Event: 27.522 Thread 0x000001bcf0f811e0 flushing  nmethod 0x000001bcda747410
Event: 27.522 Thread 0x000001bcf0f811e0 flushing  nmethod 0x000001bcda763810
Event: 27.522 Thread 0x000001bcf0f811e0 flushing  nmethod 0x000001bcdaa17510
Event: 27.522 Thread 0x000001bcf0f811e0 flushing  nmethod 0x000001bcdaa56010
Event: 27.522 Thread 0x000001bcf0f811e0 flushing  nmethod 0x000001bcdabfaf90

Events (20 events):
Event: 66.941 Thread 0x000001bcf726b1f0 Thread added: 0x000001bcf884c9f0
Event: 66.942 Thread 0x000001bcf726b1f0 Thread added: 0x000001bcf884e430
Event: 66.942 Thread 0x000001bcf726b1f0 Thread added: 0x000001bcf884d080
Event: 66.942 Thread 0x000001bcf726b1f0 Thread added: 0x000001bcf884d710
Event: 66.943 Thread 0x000001bcf726b1f0 Thread added: 0x000001bcf884dda0
Event: 66.944 Thread 0x000001bcf726b1f0 Thread added: 0x000001bcf86e5a20
Event: 66.944 Thread 0x000001bcf726b1f0 Thread added: 0x000001bcf86e60b0
Event: 66.944 Thread 0x000001bcf726b1f0 Thread added: 0x000001bcf86e8180
Event: 66.945 Thread 0x000001bcf726b1f0 Thread added: 0x000001bcf86e6dd0
Event: 66.945 Thread 0x000001bcf726b1f0 Thread added: 0x000001bcf86e7af0
Event: 66.945 Thread 0x000001bcf726b1f0 Thread added: 0x000001bcf86e8810
Event: 67.032 Thread 0x000001bcf98346f0 Thread added: 0x000001bcfef35160
Event: 67.624 Thread 0x000001bcfe24b570 Thread exited: 0x000001bcfe24b570
Event: 67.624 Thread 0x000001bcf726b1f0 Thread added: 0x000001bcfef36510
Event: 67.624 Thread 0x000001bcfe24a100 Thread exited: 0x000001bcfe24a100
Event: 67.624 Thread 0x000001bcfef36510 Thread exited: 0x000001bcfef36510
Event: 68.457 Thread 0x000001bcfe24bc40 Thread exited: 0x000001bcfe24bc40
Event: 68.627 Thread 0x000001bcf726b1f0 Thread added: 0x000001bcfef36510
Event: 73.074 Thread 0x000001bcf86e11f0 Thread exited: 0x000001bcf86e11f0
Event: 83.649 Thread 0x000001bcfef36510 Thread exited: 0x000001bcfef36510


Dynamic libraries:
0x00007ff68a700000 - 0x00007ff68a70e000 	C:\Program Files\BellSoft\LibericaJDK-21\bin\java.exe
0x00007fff701e0000 - 0x00007fff70448000 	C:\WINDOWS\SYSTEM32\ntdll.dll
0x00007fff6f2b0000 - 0x00007fff6f379000 	C:\WINDOWS\System32\KERNEL32.DLL
0x00007fff6d880000 - 0x00007fff6dc6d000 	C:\WINDOWS\System32\KERNELBASE.dll
0x00007fff6d680000 - 0x00007fff6d7cb000 	C:\WINDOWS\System32\ucrtbase.dll
0x00007fff58e70000 - 0x00007fff58e8b000 	C:\Program Files\BellSoft\LibericaJDK-21\bin\VCRUNTIME140.dll
0x00007fff58d10000 - 0x00007fff58d28000 	C:\Program Files\BellSoft\LibericaJDK-21\bin\jli.dll
0x00007fff6fcb0000 - 0x00007fff6fe7c000 	C:\WINDOWS\System32\USER32.dll
0x00007fff51a20000 - 0x00007fff51cba000 	C:\WINDOWS\WinSxS\amd64_microsoft.windows.common-controls_6595b64144ccf1df_6.0.26100.4484_none_3e0e6d4ce32ef3b3\COMCTL32.dll
0x00007fff6dc70000 - 0x00007fff6dc97000 	C:\WINDOWS\System32\win32u.dll
0x00007fff6f010000 - 0x00007fff6f0b9000 	C:\WINDOWS\System32\msvcrt.dll
0x00007fff6e000000 - 0x00007fff6e02b000 	C:\WINDOWS\System32\GDI32.dll
0x00007fff6d3c0000 - 0x00007fff6d4f7000 	C:\WINDOWS\System32\gdi32full.dll
0x00007fff6d7d0000 - 0x00007fff6d873000 	C:\WINDOWS\System32\msvcp_win.dll
0x00007fff6ee20000 - 0x00007fff6ee4f000 	C:\WINDOWS\System32\IMM32.DLL
0x00007fff60110000 - 0x00007fff6011c000 	C:\Program Files\BellSoft\LibericaJDK-21\bin\vcruntime140_1.dll
0x00007ffeda2a0000 - 0x00007ffeda32e000 	C:\Program Files\BellSoft\LibericaJDK-21\bin\msvcp140.dll
0x00007ffead240000 - 0x00007ffeadfe2000 	C:\Program Files\BellSoft\LibericaJDK-21\bin\server\jvm.dll
0x00007fff6fb20000 - 0x00007fff6fbd4000 	C:\WINDOWS\System32\ADVAPI32.dll
0x00007fff6fbe0000 - 0x00007fff6fc86000 	C:\WINDOWS\System32\sechost.dll
0x00007fff6f380000 - 0x00007fff6f498000 	C:\WINDOWS\System32\RPCRT4.dll
0x00007fff70020000 - 0x00007fff70094000 	C:\WINDOWS\System32\WS2_32.dll
0x00007fff6bf30000 - 0x00007fff6bf8e000 	C:\WINDOWS\SYSTEM32\POWRPROF.dll
0x00007fff60a40000 - 0x00007fff60a75000 	C:\WINDOWS\SYSTEM32\WINMM.dll
0x00007fff64000000 - 0x00007fff6400b000 	C:\WINDOWS\SYSTEM32\VERSION.dll
0x00007fff6bf10000 - 0x00007fff6bf24000 	C:\WINDOWS\SYSTEM32\UMPDC.dll
0x00007fff6c1f0000 - 0x00007fff6c20b000 	C:\WINDOWS\SYSTEM32\kernel.appcore.dll
0x00007fff5ff40000 - 0x00007fff5ff4a000 	C:\Program Files\BellSoft\LibericaJDK-21\bin\jimage.dll
0x00007fff6a9e0000 - 0x00007fff6ac21000 	C:\WINDOWS\SYSTEM32\DBGHELP.DLL
0x00007fff6f6e0000 - 0x00007fff6fa66000 	C:\WINDOWS\System32\combase.dll
0x00007fff6ff30000 - 0x00007fff70010000 	C:\WINDOWS\System32\OLEAUT32.dll
0x00007fff60740000 - 0x00007fff60783000 	C:\WINDOWS\SYSTEM32\dbgcore.DLL
0x00007fff6dca0000 - 0x00007fff6dd39000 	C:\WINDOWS\System32\bcryptPrimitives.dll
0x00007fff5fd00000 - 0x00007fff5fd0f000 	C:\Program Files\BellSoft\LibericaJDK-21\bin\instrument.dll
0x00007fff53f30000 - 0x00007fff53f4f000 	C:\Program Files\BellSoft\LibericaJDK-21\bin\java.dll
0x00007fff6e030000 - 0x00007fff6e77a000 	C:\WINDOWS\System32\SHELL32.dll
0x00007fff6dd40000 - 0x00007fff6deb4000 	C:\WINDOWS\System32\wintypes.dll
0x00007fff6af90000 - 0x00007fff6b7eb000 	C:\WINDOWS\SYSTEM32\windows.storage.dll
0x00007fff700a0000 - 0x00007fff70195000 	C:\WINDOWS\System32\SHCORE.dll
0x00007fff6edb0000 - 0x00007fff6ee1a000 	C:\WINDOWS\System32\shlwapi.dll
0x00007fff6d240000 - 0x00007fff6d26f000 	C:\WINDOWS\SYSTEM32\profapi.dll
0x00007ffec77c0000 - 0x00007ffec7897000 	C:\Program Files\BellSoft\LibericaJDK-21\bin\jsvml.dll
0x00007fff53f10000 - 0x00007fff53f28000 	C:\Program Files\BellSoft\LibericaJDK-21\bin\zip.dll
0x00007fff5e680000 - 0x00007fff5e690000 	C:\Program Files\BellSoft\LibericaJDK-21\bin\net.dll
0x00007fff66330000 - 0x00007fff6644e000 	C:\WINDOWS\SYSTEM32\WINHTTP.dll
0x00007fff6c780000 - 0x00007fff6c7ea000 	C:\WINDOWS\system32\mswsock.dll
0x00007fff53910000 - 0x00007fff53926000 	C:\Program Files\BellSoft\LibericaJDK-21\bin\nio.dll
0x00007fff538b0000 - 0x00007fff538c0000 	C:\Program Files\BellSoft\LibericaJDK-21\bin\verify.dll
0x00007fff58d30000 - 0x00007fff58d57000 	D:\Gradle\.gradle\native\c067742578af261105cb4f569cf0c3c89f3d7b1fecec35dd04571415982c5e48\windows-amd64\native-platform.dll
0x00007ffead0f0000 - 0x00007ffead234000 	D:\Gradle\.gradle\native\100fb08df4bc3b14c8652ba06237920a3bd2aa13389f12d3474272988ae205f9\windows-amd64\native-platform-file-events.dll
0x00007fff538a0000 - 0x00007fff538aa000 	C:\Program Files\BellSoft\LibericaJDK-21\bin\management.dll
0x00007fff53890000 - 0x00007fff5389b000 	C:\Program Files\BellSoft\LibericaJDK-21\bin\management_ext.dll
0x00007fff6f4a0000 - 0x00007fff6f4a8000 	C:\WINDOWS\System32\PSAPI.DLL
0x00007fff6ca30000 - 0x00007fff6ca4b000 	C:\WINDOWS\SYSTEM32\CRYPTSP.dll
0x00007fff6c150000 - 0x00007fff6c18b000 	C:\WINDOWS\system32\rsaenh.dll
0x00007fff6c820000 - 0x00007fff6c84b000 	C:\WINDOWS\SYSTEM32\USERENV.dll
0x00007fff6d210000 - 0x00007fff6d236000 	C:\WINDOWS\SYSTEM32\bcrypt.dll
0x00007fff6ca50000 - 0x00007fff6ca5c000 	C:\WINDOWS\SYSTEM32\CRYPTBASE.dll
0x00007fff6bcb0000 - 0x00007fff6bce3000 	C:\WINDOWS\SYSTEM32\IPHLPAPI.DLL
0x00007fff6fca0000 - 0x00007fff6fcaa000 	C:\WINDOWS\System32\NSI.dll
0x00007fff53180000 - 0x00007fff53189000 	C:\Program Files\BellSoft\LibericaJDK-21\bin\extnet.dll
0x00007fff53170000 - 0x00007fff5317e000 	C:\Program Files\BellSoft\LibericaJDK-21\bin\sunmscapi.dll
0x00007fff6d500000 - 0x00007fff6d677000 	C:\WINDOWS\System32\CRYPT32.dll
0x00007fff6cc50000 - 0x00007fff6cc80000 	C:\WINDOWS\SYSTEM32\ncrypt.dll
0x00007fff6cc00000 - 0x00007fff6cc3f000 	C:\WINDOWS\SYSTEM32\NTASN1.dll
0x00007fff5e8b0000 - 0x00007fff5e8b8000 	C:\WINDOWS\system32\wshunix.dll
0x00007fff6bcf0000 - 0x00007fff6be16000 	C:\WINDOWS\SYSTEM32\DNSAPI.dll
0x00007fff65ea0000 - 0x00007fff65eab000 	C:\Windows\System32\rasadhlp.dll
0x00007fff66fe0000 - 0x00007fff67066000 	C:\WINDOWS\System32\fwpuclnt.dll

dbghelp: loaded successfully - version: 4.0.5 - missing functions: none
symbol engine: initialized successfully - sym options: 0x614 - pdb path: .;C:\Program Files\BellSoft\LibericaJDK-21\bin;C:\WINDOWS\SYSTEM32;C:\WINDOWS\WinSxS\amd64_microsoft.windows.common-controls_6595b64144ccf1df_6.0.26100.4484_none_3e0e6d4ce32ef3b3;C:\Program Files\BellSoft\LibericaJDK-21\bin\server;D:\Gradle\.gradle\native\c067742578af261105cb4f569cf0c3c89f3d7b1fecec35dd04571415982c5e48\windows-amd64;D:\Gradle\.gradle\native\100fb08df4bc3b14c8652ba06237920a3bd2aa13389f12d3474272988ae205f9\windows-amd64

VM Arguments:
jvm_args: --add-opens=java.base/java.util=ALL-UNNAMED --add-opens=java.base/java.lang=ALL-UNNAMED --add-opens=java.base/java.lang.invoke=ALL-UNNAMED --add-opens=java.prefs/java.util.prefs=ALL-UNNAMED --add-opens=java.base/java.nio.charset=ALL-UNNAMED --add-opens=java.base/java.net=ALL-UNNAMED --add-opens=java.base/java.util.concurrent.atomic=ALL-UNNAMED -Xmx3G -Dfile.encoding=GBK -Duser.country=CN -Duser.language=zh -Duser.variant -javaagent:D:\Gradle\.gradle\wrapper\dists\gradle-8.8-bin\dl7vupf4psengwqhwktix4v1\gradle-8.8\lib\agents\gradle-instrumentation-agent-8.8.jar 
java_command: org.gradle.launcher.daemon.bootstrap.GradleDaemon 8.8
java_class_path (initial): D:\Gradle\.gradle\wrapper\dists\gradle-8.8-bin\dl7vupf4psengwqhwktix4v1\gradle-8.8\lib\gradle-launcher-8.8.jar
Launcher Type: SUN_STANDARD

[Global flags]
     intx CICompilerCount                          = 12                                        {product} {ergonomic}
     uint ConcGCThreads                            = 4                                         {product} {ergonomic}
     uint G1ConcRefinementThreads                  = 15                                        {product} {ergonomic}
   size_t G1HeapRegionSize                         = 2097152                                   {product} {ergonomic}
    uintx GCDrainStackTargetSize                   = 64                                        {product} {ergonomic}
   size_t InitialHeapSize                          = 264241152                                 {product} {ergonomic}
   size_t MarkStackSize                            = 4194304                                   {product} {ergonomic}
   size_t MaxHeapSize                              = 3221225472                                {product} {command line}
   size_t MaxNewSize                               = 1931476992                                {product} {ergonomic}
   size_t MinHeapDeltaBytes                        = 2097152                                   {product} {ergonomic}
   size_t MinHeapSize                              = 8388608                                   {product} {ergonomic}
    uintx NonNMethodCodeHeapSize                   = 7602480                                {pd product} {ergonomic}
    uintx NonProfiledCodeHeapSize                  = 122027880                              {pd product} {ergonomic}
    uintx ProfiledCodeHeapSize                     = 122027880                              {pd product} {ergonomic}
    uintx ReservedCodeCacheSize                    = 251658240                              {pd product} {ergonomic}
     bool SegmentedCodeCache                       = true                                      {product} {ergonomic}
   size_t SoftMaxHeapSize                          = 3221225472                             {manageable} {ergonomic}
     bool UseCompressedOops                        = true                           {product lp64_product} {ergonomic}
     bool UseG1GC                                  = true                                      {product} {ergonomic}
     bool UseLargePagesIndividualAllocation        = false                                  {pd product} {ergonomic}

Logging:
Log output configuration:
 #0: stdout all=warning uptime,level,tags foldmultilines=false
 #1: stderr all=off uptime,level,tags foldmultilines=false

Environment Variables:
JAVA_HOME=C:\Program Files\BellSoft\LibericaJDK-21\
PATH=C:\Program Files\Common Files\Oracle\Java\javapath;C:\Program Files\BellSoft\LibericaJDK-21\bin\;C:\Program Files\Microsoft\jdk-17.0.10.7-hotspot\bin;E:\Program Files\Gurobi\win64\bin;C:\Windows\system32;C:\Windows;C:\Windows\System32\Wbem;C:\Windows\System32\WindowsPowerShell\v1.0\;C:\Windows\System32\OpenSSH\;C:\Program Files (x86)\Windows Kits\10\Windows Performance Toolkit\;C:\WINDOWS\system32;C:\WINDOWS;C:\WINDOWS\System32\Wbem;C:\WINDOWS\System32\WindowsPowerShell\v1.0\;C:\WINDOWS\System32\OpenSSH\;D:\Program Files\gnuplot\bin;C:\Program Files (x86)\MATLAB\MATLAB Compiler Runtime\v717\runtime\win32;C:\Program Files (x86)\MATLAB\MATLAB Compiler Runtime\v81\runtime\win32;D:\Program Files\texlive\2024\bin\windows;E:\Program Files\GitHub CLI\;C:\Program Files\Microsoft SQL Server\Client SDK\ODBC\170\Tools\Binn\;C:\Program Files (x86)\Microsoft SQL Server\150\Tools\Binn\;C:\Program Files\Microsoft SQL Server\150\Tools\Binn\;C:\Program Files\Microsoft SQL Server\150\DTS\Binn\;C:\Program Files (x86)\Windows Kits\8.1\Windows Performance Toolkit\;D:\Program Files (x86)\ffmpeg-master-latest-win64-gpl\bin;D:\Program Files (x86)\m3u8;C:\Program Files\CMake\bin;E:\Program Files\Visual Studio\VC\Tools\MSVC\14.38.33130\bin\Hostx64\x64;C:\Program Files\dotnet\;E:\Program Files\Git\cmd;C:\Program Files\Mat2py\matlab2python-main;D:\Program Files\MATLAB\MATLAB Runtime\v98\runtime\win64;D:\Program Files\matlab\bin\win64;C:\Program Files\nodejs\;D:\Program Files\Siemens\NX2306\CAPITALINTEGRATION\capitalnxremote\;C:\Program Files\NVIDIA Corporation\NVIDIA App\NvDLISR;C:\Program Files (x86)\NVIDIA Corporation\PhysX\Common;C:\Users\ASUS\AppData\Local\Programs\Python\Python38\Scripts\;C:\Users\ASUS\AppData\Local\Programs\Python\Python38\;C:\Users\ASUS\AppData\Local\Programs\Python\Python310\Scripts\;C:\Users\ASUS\AppData\Local\Programs\Python\Python310\;C:\Users\ASUS\AppData\Local\activestate\cache\bin;C:\Users\ASUS\AppData\Local\ActiveState\StateTool\release\bin;C:\Users\ASUS\AppData\Local\Microsoft\WindowsApps;D:\Program Files\matlab\bin\win32;C:\mingw64\bin;D:\Program Files\matlab\bin\win64;D:\Program Files\matlab\bin;C:\Users\ASUS\AppData\Local\Programs\MiKTeX\miktex\bin\x64\;E:\Program Files\Microsoft VS Code\bin;C:\Users\ASUS\AppData\Local\Programs\MiKTeX\miktex\bin;C:\Users\ASUS\AppData\Local\GitHubDesktop\bin;;D:\Program Files\JetBrains\IntelliJ IDEA Community Edition 2024.1.4\bin;;C:\Users\ASUS\.dotnet\tools;E:\Program Files\JetBrains\PyCharm Community Edition 2024.2.4\bin;;C:\Users\ASUS\AppData\Roaming\npm;D:\Program Files\JetBrains\CLion 2024.3.4\bin;
USERNAME=ASUS
OS=Windows_NT
PROCESSOR_IDENTIFIER=Intel64 Family 6 Model 154 Stepping 3, GenuineIntel
TMP=C:\Users\ASUS\AppData\Local\Temp
TEMP=C:\Users\ASUS\AppData\Local\Temp




Periodic native trim disabled

---------------  S Y S T E M  ---------------

OS:
 Windows 11 , 64 bit Build 26100 (10.0.26100.4484)
OS uptime: 0 days 2:18 hours
Hyper-V role detected

CPU: total 20 (initial active 20) (10 cores per cpu, 2 threads per core) family 6 model 154 stepping 3 microcode 0x429, cx8, cmov, fxsr, ht, mmx, 3dnowpref, sse, sse2, sse3, ssse3, sse4.1, sse4.2, popcnt, lzcnt, tsc, tscinvbit, avx, avx2, aes, erms, clmul, bmi1, bmi2, adx, sha, fma, vzeroupper, clflush, clflushopt, clwb, hv, serialize, rdtscp, rdpid, fsrm, f16c, cet_ibt, cet_ss
Processor Information for all 20 processors :
  Max Mhz: 2300, Current Mhz: 2300, Mhz Limit: 2300

Memory: 4k page, system-wide physical 16004M (3564M free)
TotalPageFile size 26410M (AvailPageFile size 5M)
current process WorkingSet (physical memory assigned to process): 516M, peak: 524M
current process commit charge ("private bytes"): 572M, peak: 578M

vm_info: OpenJDK 64-Bit Server VM (21.0.4+9-LTS) for windows-amd64 JRE (21.0.4+9-LTS), built on 2024-07-12T19:23:47Z by "hudson" with MS VC++ 17.1 (VS2022)

END.
